2026-05-24 17:31:56, MOVE, v:1, k:ed@ilhas, mode:PICK
2026-05-24 17:53:38, MOVE, v:1, k:ed@ilhas, mode:EDIT
2026-05-24 17:53:38, MOVE, v:1, k:ed@ilhas, mode:EDIT
2026-05-24 17:56:49, MOVE, v:1, k:ed@ilhas, mode:EDIT
2026-05-24 17:56:49, MOVE, v:1, k:ed@ilhas, mode:EDIT
2026-05-24 18:01:31, MOVE, v:1, k:ed@ilhas, mode:EDIT
2026-05-24 18:01:31, MOVE, v:1, k:ed@ilhas, mode:EDIT
2026-05-24 18:06:38, MOVE, v:1, k:ed@ilhas, mode:EDIT
2026-05-24 18:06:38, MOVE, v:1, k:ed@ilhas, mode:EDIT
2026-05-24 18:11:43, MOVE, v:1, k:ed@ilhas, mode:EDIT
2026-05-24 18:11:43, MOVE, v:1, k:ed@ilhas, mode:EDIT
2026-05-24 18:18:37, MOVE, v:1, k:ed@ilhas, mode:EDIT
2026-05-24 18:18:37, MOVE, v:1, k:ed@ilhas, mode:EDIT
2026-05-24 18:22:48, MOVE, v:1, k:ed@ilhas, mode:EDIT
2026-05-24 18:22:48, MOVE, v:1, k:ed@ilhas, mode:EDIT
2026-05-24 18:31:16, MOVE, v:1, k:ed@ilhas, mode:BACK
2026-05-24 18:34:04, MOVE, v:1, k:ed@ilhas, mode:EDIT
2026-05-24 18:34:04, MOVE, v:1, k:ed@ilhas, mode:EDIT
2026-05-24 18:45:31, MOVE, v:1, k:ed@ilhas, mode:EDIT
2026-05-24 18:45:31, MOVE, v:1, k:ed@ilhas, mode:EDIT
2026-05-24 18:51:04, MOVE, v:1, k:ed@ilhas, mode:PICK
2026-05-24 18:51:05, EXEC, v:1, k:ed@ilhas, mode:FULL, rate:0, size:53
2026-05-24 18:52:23, EXEC, v:1, k:ed@ilhas, mode:FULL, rate:0
2026-05-24 18:53:11, EXEC, v:1, k:ed@ilhas, mode:FULL, rate:100, size:53
2026-05-24 18:53:13, MOVE, v:1, k:ed@ilhas, mode:BACK
2026-05-24 18:53:22, SELF, v:1, k:ed@ilhas, self:1, rate:100, study:30, concept:1
2026-05-24 18:53:41, MOVE, v:1, k:ed@cercado, mode:DOWN
2026-05-24 18:53:49, MOVE, v:1, k:ed@ilhas, mode:EDIT
2026-05-24 18:53:49, MOVE, v:1, k:ed@ilhas, mode:EDIT
2026-05-24 18:53:11, MOVE, v:1, k:ed@ilhas, mode:EDIT
2026-05-24 18:53:41, MOVE, v:1, k:ed@cercado, mode:EDIT
2026-05-24 18:53:41, MOVE, v:1, k:ed@cercado, mode:EDIT
2026-05-24 18:53:41, MOVE, v:1, k:ed@cercado, mode:EDIT
2026-05-24 18:56:41, SELF, v:1, k:ed@editorint, self:1, rate:100, friend:codigo nao computou as mudanca de linha, concept:1
2026-05-24 21:47:51, MOVE, v:1, k:ed@cercado, mode:PICK
2026-05-24 21:47:51, EXEC, v:1, k:ed@cercado, mode:FULL, rate:33, size:44
2026-05-24 21:48:21, EXEC, v:1, k:ed@cercado, mode:FULL, rate:33, size:44
2026-05-24 21:50:20, EXEC, v:1, k:ed@cercado, mode:FULL, rate:0, size:49
2026-05-24 21:50:41, EXEC, v:1, k:ed@cercado, mode:FULL, rate:0, size:49
2026-05-24 21:51:32, EXEC, v:1, k:ed@cercado, mode:FULL, rate:0, size:49
2026-05-24 21:51:31, MOVE, v:1, k:ed@cercado, mode:EDIT
2026-05-24 21:51:30, MOVE, v:1, k:ed@cercado, mode:EDIT
2026-05-24 21:51:30, MOVE, v:1, k:ed@cercado, mode:EDIT
2026-05-24 21:53:57, EXEC, v:1, k:ed@cercado, mode:FULL, rate:0, size:49
