2026-04-30 00:21:40, MOVE, v:1, k:ed@vetbuild, mode:PICK
2026-04-30 00:21:41, EXEC, v:1, k:ed@vetbuild, mode:FULL, rate:100
2026-04-30 00:21:42, EXEC, v:1, k:ed@vetbuild, mode:FULL, rate:100
2026-04-30 00:21:43, MOVE, v:1, k:ed@vetbuild, mode:BACK
2026-04-30 00:21:54, SELF, v:1, k:ed@vetbuild, self:1, rate:100, study:480, concept:1
2026-04-30 14:40:17, MOVE, v:1, k:ed@priminhos, mode:DOWN
2026-04-30 14:40:19, MOVE, v:1, k:ed@priminhos, mode:PICK
2026-04-30 14:40:17, MOVE, v:1, k:ed@priminhos, mode:EDIT
2026-04-30 14:40:17, MOVE, v:1, k:ed@priminhos, mode:EDIT
2026-04-30 14:40:17, MOVE, v:1, k:ed@priminhos, mode:EDIT
2026-04-30 14:50:46, MOVE, v:1, k:ed@priminhos, mode:BACK
2026-04-30 14:50:53, MOVE, v:1, k:ed@eh_primo, mode:PICK
2026-04-30 14:50:56, MOVE, v:1, k:ed@eh_primo, mode:BACK
2026-04-30 14:50:58, MOVE, v:1, k:ed@priminhos, mode:PICK
2026-04-30 14:54:05, MOVE, v:1, k:ed@priminhos, mode:EDIT
2026-04-30 14:54:05, MOVE, v:1, k:ed@priminhos, mode:EDIT
2026-04-30 14:54:30, MOVE, v:1, k:ed@priminhos, mode:BACK
2026-04-30 14:54:31, MOVE, v:1, k:ed@priminhos, mode:PICK
2026-04-30 14:54:19, MOVE, v:1, k:ed@priminhos, mode:EDIT
2026-04-30 14:54:19, MOVE, v:1, k:ed@priminhos, mode:EDIT
2026-04-30 15:03:21, MOVE, v:1, k:ed@priminhos, mode:BACK
2026-04-30 15:03:30, MOVE, v:1, k:ed@quadrado, mode:DOWN
2026-04-30 15:03:36, MOVE, v:1, k:ed@quadrado, mode:PICK
2026-04-30 15:03:30, MOVE, v:1, k:ed@quadrado, mode:EDIT
2026-04-30 15:03:30, MOVE, v:1, k:ed@quadrado, mode:EDIT
2026-04-30 15:03:30, MOVE, v:1, k:ed@quadrado, mode:EDIT
2026-04-30 15:07:27, MOVE, v:1, k:ed@quadrado, mode:BACK
2026-04-30 15:07:30, MOVE, v:1, k:ed@setbuild, mode:PICK
2026-04-30 15:45:39, MOVE, v:1, k:ed@magicsearch, mode:DOWN
2026-04-30 15:45:40, MOVE, v:1, k:ed@magicsearch, mode:PICK
2026-04-30 15:49:13, EXEC, v:1, k:ed@magicsearch, mode:FULL, rate:10, size:45
2026-04-30 15:45:39, MOVE, v:1, k:ed@magicsearch, mode:EDIT
2026-04-30 15:50:30, MOVE, v:1, k:ed@magicsearch, mode:EDIT
2026-04-30 15:50:30, MOVE, v:1, k:ed@magicsearch, mode:EDIT
2026-04-30 15:50:31, MOVE, v:1, k:ed@magicsearch, mode:EDIT
2026-04-30 15:50:31, EXEC, v:1, k:ed@magicsearch, mode:FULL, rate:30, size:45
