2026-04-06 11:19:47, MOVE, v:1, k:ed@enesimo, mode:PICK
2026-04-06 11:19:49, EXEC, v:1, k:ed@enesimo, mode:FULL, rate:0, size:34
2026-04-06 11:20:15, EXEC, v:1, k:ed@enesimo, mode:FULL, rate:12, size:34
2026-04-06 11:20:56, EXEC, v:1, k:ed@enesimo, mode:FULL, rate:12, size:36
2026-04-06 11:21:21, EXEC, v:1, k:ed@enesimo, mode:FULL, rate:12, size:36
2026-04-06 11:23:23, MOVE, v:1, k:ed@enesimo, mode:BACK
2026-04-06 18:59:16, MOVE, v:1, k:ed@fractais, mode:PICK
2026-04-06 18:59:24, EXEC, v:1, k:ed@fractais, mode:LOCK, rate:0
2026-04-06 18:59:59, MOVE, v:1, k:ed@fractais, mode:BACK
2026-04-06 19:00:01, MOVE, v:1, k:ed@fractais_png, mode:DOWN
2026-04-06 19:00:02, MOVE, v:1, k:ed@fractais_png, mode:PICK
2026-04-06 19:00:14, MOVE, v:1, k:ed@fractais_png, mode:BACK
2026-04-06 19:02:12, EXEC, v:1, k:src@go, mode:FREE, size:136
2026-04-06 18:43:30, MOVE, v:1, k:ed@enesimo, mode:PICK
2026-04-06 18:43:32, EXEC, v:1, k:ed@enesimo, mode:FULL, rate:12, size:37
2026-04-06 19:00:03, MOVE, v:1, k:ed@enesimo, mode:BACK
2026-04-06 19:05:42, MOVE, v:1, k:ed@enesimo, mode:PICK
2026-04-06 19:06:30, EXEC, v:1, k:ed@enesimo, mode:FULL, rate:12, size:37
2026-04-06 19:08:01, MOVE, v:1, k:ed@enesimo, mode:PICK
2026-04-06 19:26:34, MOVE, v:1, k:ed@enesimo, mode:BACK
2026-04-06 19:26:37, MOVE, v:1, k:ed@enesimo, mode:PICK
2026-04-06 19:30:12, EXEC, v:1, k:ed@enesimo, mode:FULL, rate:12, size:35
2026-04-06 19:30:50, EXEC, v:1, k:ed@enesimo, mode:FULL, rate:12, size:35
2026-04-06 19:30:56, MOVE, v:1, k:ed@enesimo, mode:BACK
2026-04-06 19:30:57, MOVE, v:1, k:ed@enesimo, mode:PICK
2026-04-06 19:31:28, EXEC, v:1, k:ed@enesimo, mode:FULL, rate:12, size:36
2026-04-06 19:31:36, MOVE, v:1, k:ed@enesimo, mode:BACK
2026-04-06 19:31:43, MOVE, v:1, k:ed@enesimo, mode:PICK
2026-04-06 19:31:50, EXEC, v:1, k:ed@enesimo, mode:FULL, rate:12
2026-04-06 19:31:59, EXEC, v:1, k:ed@enesimo, mode:FULL, rate:12, size:37
2026-04-06 19:32:39, EXEC, v:1, k:ed@enesimo, mode:FULL, rate:12, size:37
2026-04-06 19:33:30, EXEC, v:1, k:ed@enesimo, mode:FULL, rate:12, size:37
2026-04-06 19:34:30, EXEC, v:1, k:ed@enesimo, mode:FULL, rate:12, size:37
2026-04-06 19:34:46, EXEC, v:1, k:ed@enesimo, mode:FULL, rate:12, size:37
2026-04-06 19:37:44, EXEC, v:1, k:ed@enesimo, mode:FULL, size:36, fail:COMP
2026-04-06 19:37:53, EXEC, v:1, k:ed@enesimo, mode:FULL, rate:0, size:36
2026-04-06 19:38:08, EXEC, v:1, k:ed@enesimo, mode:FULL, rate:100, size:36
2026-04-06 19:41:07, EXEC, v:1, k:ed@enesimo, mode:FULL, rate:12, size:33
2026-04-06 19:42:03, EXEC, v:1, k:ed@enesimo, mode:FULL, rate:12, size:33
2026-04-06 19:42:52, EXEC, v:1, k:ed@enesimo, mode:FULL, rate:12, size:33
2026-04-06 19:43:01, EXEC, v:1, k:ed@enesimo, mode:FULL, rate:100, size:33
2026-04-06 19:46:13, MOVE, v:1, k:ed@enesimo, mode:BACK
2026-04-06 19:46:34, SELF, v:1, k:ed@enesimo, self:1, rate:100, study:40, concept:1
2026-04-06 19:47:57, SELF, v:1, k:ed@eh_primo, self:1, rate:100, study:30, concept:1
2026-04-06 19:48:01, MOVE, v:1, k:ed@eh_primo, mode:PICK
2026-04-06 19:48:02, EXEC, v:1, k:ed@eh_primo, mode:FULL, rate:100
2026-04-06 19:48:04, MOVE, v:1, k:ed@eh_primo, mode:BACK
