2026-03-24 11:11:19, MOVE, v:1, k:ed@manipulacao, mode:PICK
2026-03-24 11:11:24, EXEC, v:1, k:ed@manipulacao, mode:FULL, rate:42, size:119
2026-03-24 11:11:35, MOVE, v:1, k:ed@manipulacao, mode:BACK
2026-03-24 11:11:49, MOVE, v:1, k:ed@manipulacao, mode:PICK
2026-03-24 11:11:52, EXEC, v:1, k:ed@manipulacao, mode:FULL, rate:42
2026-03-24 11:18:03, EXEC, v:1, k:ed@manipulacao, mode:FULL, rate:42, size:129
2026-03-24 11:18:33, EXEC, v:1, k:ed@manipulacao, mode:FULL, rate:42, size:129
2026-03-24 11:20:40, EXEC, v:1, k:ed@manipulacao, mode:FULL, rate:42, size:131
2026-03-24 11:21:07, EXEC, v:1, k:ed@manipulacao, mode:FULL, rate:42, size:131
2026-03-24 11:21:22, EXEC, v:1, k:ed@manipulacao, mode:FULL, rate:42, size:131
2026-03-24 11:22:16, EXEC, v:1, k:ed@manipulacao, mode:FULL, rate:42, size:126
2026-03-24 11:24:08, EXEC, v:1, k:ed@manipulacao, mode:FULL, rate:42, size:128
2026-03-24 19:27:15, MOVE, v:1, k:ed@manipulacao, mode:PICK
2026-03-24 19:27:22, EXEC, v:1, k:ed@manipulacao, mode:FULL, size:132, fail:COMP
2026-03-24 19:28:50, EXEC, v:1, k:ed@manipulacao, mode:FULL, rate:42, size:135
2026-03-24 19:29:41, EXEC, v:1, k:ed@manipulacao, mode:FULL, rate:42, size:135
2026-03-24 19:30:05, EXEC, v:1, k:ed@manipulacao, mode:FULL, size:134, fail:COMP
2026-03-24 19:31:10, MOVE, v:1, k:ed@manipulacao, mode:PICK
2026-03-24 19:31:11, EXEC, v:1, k:ed@manipulacao, mode:FULL, rate:57, size:127
2026-03-24 19:34:46, EXEC, v:1, k:ed@manipulacao, mode:FULL, rate:57, size:135
2026-03-24 19:36:59, EXEC, v:1, k:ed@manipulacao, mode:FULL, rate:71, size:136
2026-03-24 19:37:33, MOVE, v:1, k:ed@manipulacao, mode:BACK
2026-03-24 19:40:37, MOVE, v:1, k:ed@manipulacao, mode:PICK
2026-03-24 19:40:38, EXEC, v:1, k:ed@manipulacao, mode:FULL, rate:85, size:139
2026-03-24 19:41:33, EXEC, v:1, k:ed@manipulacao, mode:FULL, rate:85, size:137
