2026-05-19 09:13:38, MOVE, v:1, k:ed@lista_d2, mode:EDIT
2026-05-19 09:13:38, MOVE, v:1, k:ed@lista_d2, mode:EDIT
2026-05-19 09:27:10, MOVE, v:1, k:ed@lista_d2, mode:EDIT
2026-05-19 09:27:10, MOVE, v:1, k:ed@lista_d2, mode:EDIT
2026-05-19 09:28:33, MOVE, v:1, k:ed@lista_d2, mode:EDIT
2026-05-19 09:28:33, MOVE, v:1, k:ed@lista_d2, mode:EDIT
2026-05-19 09:33:23, MOVE, v:1, k:ed@lista_d2, mode:EDIT
2026-05-19 09:33:23, MOVE, v:1, k:ed@lista_d2, mode:EDIT
2026-05-19 09:42:42, MOVE, v:1, k:ed@lista_d2, mode:EDIT
2026-05-19 09:42:42, MOVE, v:1, k:ed@lista_d2, mode:EDIT
2026-05-19 10:05:04, MOVE, v:1, k:ed@lista_d2, mode:EDIT
2026-05-19 10:05:04, MOVE, v:1, k:ed@lista_d2, mode:EDIT
2026-05-19 10:10:55, MOVE, v:1, k:ed@lista_d2, mode:EDIT
2026-05-19 10:10:55, MOVE, v:1, k:ed@lista_d2, mode:EDIT
2026-05-19 10:16:15, MOVE, v:1, k:ed@lista_d2, mode:EDIT
2026-05-19 10:16:15, MOVE, v:1, k:ed@lista_d2, mode:EDIT
2026-05-19 10:22:44, MOVE, v:1, k:ed@lista_d2, mode:PICK
2026-05-19 10:22:45, EXEC, v:1, k:ed@lista_d2, mode:FULL, rate:0, size:181
2026-05-19 10:22:46, EXEC, v:1, k:ed@lista_d2, mode:FULL, rate:0
2026-05-19 10:23:57, MOVE, v:1, k:ed@lista_d2, mode:EDIT
2026-05-19 10:23:57, MOVE, v:1, k:ed@lista_d2, mode:EDIT
2026-05-19 10:22:46, MOVE, v:1, k:ed@lista_d2, mode:EDIT
2026-05-19 10:32:09, EXEC, v:1, k:ed@lista_d2, mode:FULL, rate:0, size:180
2026-05-19 10:32:11, EXEC, v:1, k:ed@lista_d2, mode:FULL, rate:0
2026-05-19 10:32:12, EXEC, v:1, k:ed@lista_d2, mode:FULL, rate:0
2026-05-19 10:32:07, MOVE, v:1, k:ed@lista_d2, mode:EDIT
2026-05-19 10:32:07, MOVE, v:1, k:ed@lista_d2, mode:EDIT
2026-05-19 10:32:12, MOVE, v:1, k:ed@lista_d2, mode:EDIT
2026-05-19 10:45:35, MOVE, v:1, k:ed@lista_d2, mode:EDIT
2026-05-19 10:45:33, MOVE, v:1, k:ed@lista_d2, mode:EDIT
2026-05-19 10:45:35, MOVE, v:1, k:ed@lista_d2, mode:EDIT
2026-05-19 12:06:53, EXEC, v:1, k:ed@lista_d2, mode:FULL, rate:0
2026-05-19 12:06:54, EXEC, v:1, k:ed@lista_d2, mode:FULL, rate:0
2026-05-19 12:07:04, EXEC, v:1, k:ed@lista_d2, mode:FULL, rate:0
2026-05-19 12:07:04, EXEC, v:1, k:ed@lista_d2, mode:FULL, rate:0
2026-05-19 12:07:05, EXEC, v:1, k:ed@lista_d2, mode:FULL, rate:0
2026-05-19 12:07:05, EXEC, v:1, k:ed@lista_d2, mode:FULL, rate:0
2026-05-19 12:07:05, EXEC, v:1, k:ed@lista_d2, mode:FULL, rate:0
2026-05-19 12:07:05, MOVE, v:1, k:ed@lista_d2, mode:EDIT
2026-05-19 14:32:24, MOVE, v:1, k:ed@lista_d2, mode:PICK
2026-05-19 14:32:25, EXEC, v:1, k:ed@lista_d2, mode:FULL, rate:0
2026-05-19 14:32:27, EXEC, v:1, k:ed@lista_d2, mode:FULL, rate:0
2026-05-19 14:36:21, EXEC, v:1, k:ed@lista_d2, mode:FULL, rate:0, size:180
2026-05-19 14:36:21, MOVE, v:1, k:ed@lista_d2, mode:EDIT
2026-05-19 14:36:20, MOVE, v:1, k:ed@lista_d2, mode:EDIT
2026-05-19 14:36:20, MOVE, v:1, k:ed@lista_d2, mode:EDIT
2026-05-19 14:55:12, MOVE, v:1, k:ed@lista_d2, mode:EDIT
2026-05-19 14:55:12, MOVE, v:1, k:ed@lista_d2, mode:EDIT
2026-05-19 15:03:39, MOVE, v:1, k:ed@lista_d2, mode:EDIT
2026-05-19 15:03:39, MOVE, v:1, k:ed@lista_d2, mode:EDIT
2026-05-19 15:08:41, EXEC, v:1, k:ed@lista_d2, mode:FULL, rate:0, size:192
2026-05-19 15:11:04, EXEC, v:1, k:ed@lista_d2, mode:FULL, rate:20, size:192
2026-05-19 15:11:12, MOVE, v:1, k:ed@lista_d2, mode:EDIT
2026-05-19 15:11:12, MOVE, v:1, k:ed@lista_d2, mode:EDIT
2026-05-19 15:11:04, MOVE, v:1, k:ed@lista_d2, mode:EDIT
2026-05-19 15:46:24, MOVE, v:1, k:ed@lista_d2, mode:PICK
2026-05-19 15:46:24, EXEC, v:1, k:ed@lista_d2, mode:FULL, rate:20
2026-05-19 15:46:24, MOVE, v:1, k:ed@lista_d2, mode:EDIT
2026-05-19 16:04:53, MOVE, v:1, k:ed@lista_d2, mode:BACK
2026-05-19 16:05:49, MOVE, v:1, k:ed@lista_d2, mode:EDIT
2026-05-19 16:05:49, MOVE, v:1, k:ed@lista_d2, mode:EDIT
2026-05-19 16:10:45, MOVE, v:1, k:ed@lista_d2, mode:PICK
2026-05-19 16:10:45, EXEC, v:1, k:ed@lista_d2, mode:FULL, rate:20, size:219
2026-05-19 16:10:42, MOVE, v:1, k:ed@lista_d2, mode:EDIT
2026-05-19 16:10:42, MOVE, v:1, k:ed@lista_d2, mode:EDIT
2026-05-19 16:10:45, MOVE, v:1, k:ed@lista_d2, mode:EDIT
2026-05-19 16:21:22, EXEC, v:1, k:ed@lista_d2, mode:FULL, rate:20, size:228
2026-05-19 16:21:21, MOVE, v:1, k:ed@lista_d2, mode:EDIT
2026-05-19 16:21:21, MOVE, v:1, k:ed@lista_d2, mode:EDIT
2026-05-19 16:21:22, MOVE, v:1, k:ed@lista_d2, mode:EDIT
2026-05-19 16:35:14, MOVE, v:1, k:ed@lista_d2, mode:EDIT
2026-05-19 16:35:14, MOVE, v:1, k:ed@lista_d2, mode:EDIT
2026-05-19 20:26:16, MOVE, v:1, k:ed@lista_d2, mode:EDIT
2026-05-19 20:26:16, MOVE, v:1, k:ed@lista_d2, mode:EDIT
2026-05-19 20:38:07, MOVE, v:1, k:ed@lista_d2, mode:EDIT
2026-05-19 20:38:07, MOVE, v:1, k:ed@lista_d2, mode:EDIT
2026-05-19 20:50:24, MOVE, v:1, k:ed@setbuild, mode:EDIT
2026-05-19 20:50:24, MOVE, v:1, k:ed@setbuild, mode:EDIT
2026-05-19 20:52:09, MOVE, v:1, k:ed@setbuild, mode:EDIT
2026-05-19 20:52:09, MOVE, v:1, k:ed@setbuild, mode:EDIT
2026-05-19 20:57:40, MOVE, v:1, k:ed@lista_d2, mode:EDIT
2026-05-19 20:57:40, MOVE, v:1, k:ed@lista_d2, mode:EDIT
2026-05-19 21:09:52, EXEC, v:1, k:ed@lista_d2, mode:FULL, rate:20, size:242
2026-05-19 21:10:42, EXEC, v:1, k:ed@lista_d2, mode:FULL, rate:40, size:242
2026-05-19 21:10:41, MOVE, v:1, k:ed@lista_d2, mode:EDIT
2026-05-19 21:10:41, MOVE, v:1, k:ed@lista_d2, mode:EDIT
2026-05-19 21:10:42, MOVE, v:1, k:ed@lista_d2, mode:EDIT
2026-05-19 21:16:56, EXEC, v:1, k:ed@lista_d2, mode:FULL, rate:100, size:254
2026-05-19 21:17:01, MOVE, v:1, k:ed@lista_d2, mode:BACK
2026-05-19 21:17:09, SELF, v:1, k:ed@lista_d2, self:1, rate:100, study:120, concept:1
