2026-06-11 19:07:48, MOVE, v:1, k:ed@detonate, mode:PICK
2026-06-11 19:08:35, MOVE, v:1, k:ed@detonate, mode:BACK
2026-06-11 19:14:02, MOVE, v:1, k:ed@vetbuild, mode:PICK
2026-06-11 19:14:57, MOVE, v:1, k:ed@vetbuild, mode:BACK
2026-06-11 19:14:56, MOVE, v:1, k:ed@vetbuild, mode:EDIT
2026-06-11 19:14:56, MOVE, v:1, k:ed@vetbuild, mode:EDIT
2026-06-11 19:26:57, MOVE, v:1, k:ed@detonate, mode:PICK
2026-06-11 19:30:17, EXEC, v:1, k:ed@detonate, mode:FULL, rate:0, size:19
2026-06-11 19:30:28, EXEC, v:1, k:ed@detonate, mode:FULL, rate:0, size:21
2026-06-11 19:30:27, MOVE, v:1, k:ed@detonate, mode:EDIT
2026-06-11 19:30:27, MOVE, v:1, k:ed@detonate, mode:EDIT
2026-06-11 19:30:28, MOVE, v:1, k:ed@detonate, mode:EDIT
2026-06-11 19:46:23, MOVE, v:1, k:ed@detonate, mode:BACK
2026-06-11 19:48:02, MOVE, v:1, k:ed@detonate, mode:EDIT
2026-06-11 19:48:02, MOVE, v:1, k:ed@detonate, mode:EDIT
2026-06-11 20:03:48, MOVE, v:1, k:ed@caminho, mode:PICK
2026-06-11 20:03:50, MOVE, v:1, k:ed@caminho, mode:BACK
2026-06-11 20:03:52, MOVE, v:1, k:ed@caminho, mode:PICK
2026-06-11 20:27:55, MOVE, v:1, k:ed@caminho, mode:BACK
2026-06-11 20:56:16, MOVE, v:1, k:ed@caminho, mode:EDIT
2026-06-11 20:56:16, MOVE, v:1, k:ed@caminho, mode:EDIT
2026-06-11 21:02:32, MOVE, v:1, k:ed@caminho, mode:EDIT
2026-06-11 21:02:32, MOVE, v:1, k:ed@caminho, mode:EDIT
2026-06-11 21:08:18, MOVE, v:1, k:ed@caminho, mode:EDIT
2026-06-11 21:08:18, MOVE, v:1, k:ed@caminho, mode:EDIT
2026-06-11 21:23:48, MOVE, v:1, k:ed@caminho, mode:EDIT
2026-06-11 21:23:48, MOVE, v:1, k:ed@caminho, mode:EDIT
2026-06-11 21:28:15, MOVE, v:1, k:ed@caminho, mode:PICK
2026-06-11 21:32:50, MOVE, v:1, k:ed@caminho, mode:EDIT
2026-06-11 21:32:50, MOVE, v:1, k:ed@caminho, mode:EDIT
2026-06-11 22:44:01, MOVE, v:1, k:ed@caminho, mode:EDIT
2026-06-11 22:44:01, MOVE, v:1, k:ed@caminho, mode:EDIT
2026-06-11 22:51:21, MOVE, v:1, k:ed@caminho, mode:EDIT
2026-06-11 22:51:21, MOVE, v:1, k:ed@caminho, mode:EDIT
2026-06-11 22:56:06, MOVE, v:1, k:ed@caminho, mode:EDIT
2026-06-11 22:56:06, MOVE, v:1, k:ed@caminho, mode:EDIT
2026-06-11 23:03:04, MOVE, v:1, k:ed@caminho, mode:EDIT
2026-06-11 23:03:04, MOVE, v:1, k:ed@caminho, mode:EDIT
2026-06-11 23:03:59, EXEC, v:1, k:ed@caminho, mode:FULL, size:142, fail:COMP
2026-06-11 23:04:00, EXEC, v:1, k:ed@caminho, mode:FULL, fail:COMP
2026-06-11 23:04:13, EXEC, v:1, k:ed@caminho, mode:FULL, fail:COMP
2026-06-11 23:04:13, EXEC, v:1, k:ed@caminho, mode:FULL, fail:COMP
2026-06-11 23:04:15, MOVE, v:1, k:ed@caminho, mode:BACK
2026-06-11 23:04:17, MOVE, v:1, k:ed@caminho, mode:PICK
2026-06-11 23:05:15, EXEC, v:1, k:ed@caminho, mode:FULL, size:145, fail:COMP
2026-06-11 23:05:16, EXEC, v:1, k:ed@caminho, mode:FULL, fail:COMP
2026-06-11 23:05:26, MOVE, v:1, k:ed@caminho, mode:EDIT
2026-06-11 23:05:26, MOVE, v:1, k:ed@caminho, mode:EDIT
2026-06-11 23:12:27, MOVE, v:1, k:ed@caminho, mode:BACK
2026-06-11 23:12:28, MOVE, v:1, k:ed@caminho, mode:PICK
2026-06-11 23:12:39, MOVE, v:1, k:ed@caminho, mode:EDIT
2026-06-11 23:12:39, MOVE, v:1, k:ed@caminho, mode:EDIT
2026-06-11 23:16:40, EXEC, v:1, k:ed@caminho, mode:FULL, rate:0, size:150
2026-06-11 23:16:33, MOVE, v:1, k:ed@caminho, mode:EDIT
2026-06-11 23:16:33, MOVE, v:1, k:ed@caminho, mode:EDIT
2026-06-11 23:16:36, MOVE, v:1, k:ed@caminho, mode:EDIT
2026-06-11 23:19:35, EXEC, v:1, k:ed@caminho, mode:FULL, rate:0, size:151
2026-06-11 23:20:36, EXEC, v:1, k:ed@caminho, mode:FULL, rate:0, size:151
2026-06-11 23:20:29, MOVE, v:1, k:ed@caminho, mode:EDIT
2026-06-11 23:20:29, MOVE, v:1, k:ed@caminho, mode:EDIT
2026-06-11 23:20:32, MOVE, v:1, k:ed@caminho, mode:EDIT
2026-06-11 23:23:17, EXEC, v:1, k:ed@caminho, mode:FULL, rate:0, size:151
2026-06-11 23:24:30, EXEC, v:1, k:ed@caminho, mode:FULL, rate:100, size:152
2026-06-11 23:25:47, MOVE, v:1, k:ed@caminho, mode:BACK
2026-06-11 23:26:11, SELF, v:1, k:ed@caminho, self:1, rate:100, study:120, concept:1
2026-06-11 23:24:29, MOVE, v:1, k:ed@caminho, mode:EDIT
2026-06-11 23:24:29, MOVE, v:1, k:ed@caminho, mode:EDIT
2026-06-11 23:24:30, MOVE, v:1, k:ed@caminho, mode:EDIT
2026-06-11 23:28:38, MOVE, v:1, k:ed@caminho, mode:PICK
2026-06-11 23:32:55, MOVE, v:1, k:ed@caminho, mode:EDIT
2026-06-11 23:32:55, MOVE, v:1, k:ed@caminho, mode:EDIT
2026-06-11 23:33:17, MOVE, v:1, k:ed@caminho, mode:BACK
2026-06-11 23:35:44, MOVE, v:1, k:ed@treinando, mode:PICK
2026-06-11 23:35:45, EXEC, v:1, k:ed@treinando, mode:FULL, rate:33
2026-06-11 23:35:45, MOVE, v:1, k:ed@treinando, mode:EDIT
2026-06-11 23:39:15, MOVE, v:1, k:ed@treinando, mode:BACK
