2026-05-10 18:49:58, MOVE, v:1, k:ed@lista_d1, mode:PICK
2026-05-10 18:49:59, EXEC, v:1, k:ed@lista_d1, mode:FULL, rate:0, size:92
2026-05-10 18:49:59, MOVE, v:1, k:ed@lista_d1, mode:EDIT
2026-05-10 18:51:58, MOVE, v:1, k:ed@lista_d1, mode:EDIT
2026-05-10 18:51:58, MOVE, v:1, k:ed@lista_d1, mode:EDIT
2026-05-10 19:00:08, MOVE, v:1, k:ed@lista_d1, mode:EDIT
2026-05-10 19:00:08, MOVE, v:1, k:ed@lista_d1, mode:EDIT
2026-05-10 19:26:04, MOVE, v:1, k:ed@lista_d1, mode:BACK
2026-05-10 19:26:05, MOVE, v:1, k:ed@lista_d1, mode:PICK
2026-05-10 19:26:10, EXEC, v:1, k:ed@lista_d1, mode:FULL, rate:0, size:107
2026-05-10 19:26:09, MOVE, v:1, k:ed@lista_d1, mode:EDIT
2026-05-10 19:26:09, MOVE, v:1, k:ed@lista_d1, mode:EDIT
2026-05-10 19:26:10, MOVE, v:1, k:ed@lista_d1, mode:EDIT
2026-05-10 19:42:08, MOVE, v:1, k:ed@lista_d1, mode:EDIT
2026-05-10 19:42:08, MOVE, v:1, k:ed@lista_d1, mode:EDIT
2026-05-10 19:56:29, MOVE, v:1, k:ed@lista_d1, mode:EDIT
2026-05-10 19:56:29, MOVE, v:1, k:ed@lista_d1, mode:EDIT
2026-05-10 20:12:04, MOVE, v:1, k:ed@lista_d1, mode:EDIT
2026-05-10 20:12:04, MOVE, v:1, k:ed@lista_d1, mode:EDIT
2026-05-10 20:13:15, MOVE, v:1, k:ed@vetbuild, mode:EDIT
2026-05-10 20:18:47, MOVE, v:1, k:ed@lista_d1, mode:EDIT
2026-05-10 20:18:47, MOVE, v:1, k:ed@lista_d1, mode:EDIT
2026-05-10 20:24:57, EXEC, v:1, k:ed@lista_d1, mode:FULL, size:160, fail:COMP
2026-05-10 20:24:58, EXEC, v:1, k:ed@lista_d1, mode:FULL, fail:COMP
2026-05-10 20:28:36, EXEC, v:1, k:ed@lista_d1, mode:FULL, rate:14, size:160
2026-05-10 20:28:35, MOVE, v:1, k:ed@lista_d1, mode:EDIT
2026-05-10 20:28:35, MOVE, v:1, k:ed@lista_d1, mode:EDIT
2026-05-10 20:28:36, MOVE, v:1, k:ed@lista_d1, mode:EDIT
2026-05-10 20:29:25, EXEC, v:1, k:ed@lista_d1, mode:FULL, rate:100, size:160
2026-05-10 20:29:26, MOVE, v:1, k:ed@lista_d1, mode:BACK
2026-05-10 20:29:39, SELF, v:1, k:ed@lista_d1, self:1, rate:100, study:60, concept:1
2026-05-10 20:29:46, SELF, v:1, k:ed@editorint, self:1, rate:100, friend:codigo nao computou as mudanca de linha, concept:1
