2026-05-27 09:22:02, MOVE, v:1, k:ed@bufferring, mode:PICK
2026-05-27 09:22:02, EXEC, v:1, k:ed@bufferring, mode:FULL, rate:0, size:162
2026-05-27 09:22:04, EXEC, v:1, k:ed@bufferring, mode:FULL, rate:0
2026-05-27 09:22:31, EXEC, v:1, k:ed@bufferring, mode:FULL, rate:0, size:162
2026-05-27 09:22:35, EXEC, v:1, k:ed@bufferring, mode:FULL, rate:0
2026-05-27 09:23:02, EXEC, v:1, k:ed@bufferring, mode:FULL, rate:0, size:162
2026-05-27 09:23:06, EXEC, v:1, k:ed@bufferring, mode:FULL, rate:0
2026-05-27 09:23:54, EXEC, v:1, k:ed@bufferring, mode:FULL, rate:0, size:163
2026-05-27 09:25:47, EXEC, v:1, k:ed@bufferring, mode:FULL, rate:0, size:163
2026-05-27 09:25:43, MOVE, v:1, k:ed@bufferring, mode:EDIT
2026-05-27 09:25:41, MOVE, v:1, k:ed@bufferring, mode:EDIT
2026-05-27 09:25:41, MOVE, v:1, k:ed@bufferring, mode:EDIT
2026-05-27 09:28:04, EXEC, v:1, k:ed@bufferring, mode:FULL, rate:0, size:167
2026-05-27 09:29:30, EXEC, v:1, k:ed@bufferring, mode:FULL, rate:0, size:167
2026-05-27 09:30:13, EXEC, v:1, k:ed@bufferring, mode:FULL, rate:0, size:167
2026-05-27 09:30:08, MOVE, v:1, k:ed@bufferring, mode:EDIT
2026-05-27 09:30:08, MOVE, v:1, k:ed@bufferring, mode:EDIT
2026-05-27 09:30:09, MOVE, v:1, k:ed@bufferring, mode:EDIT
2026-05-27 09:35:15, MOVE, v:1, k:ed@bufferring, mode:EDIT
2026-05-27 09:35:15, MOVE, v:1, k:ed@bufferring, mode:EDIT
2026-05-27 09:40:45, EXEC, v:1, k:ed@bufferring, mode:FULL, rate:0, size:167
2026-05-27 09:41:41, EXEC, v:1, k:ed@bufferring, mode:FULL, rate:0, size:167
2026-05-27 09:41:40, MOVE, v:1, k:ed@bufferring, mode:EDIT
2026-05-27 09:41:40, MOVE, v:1, k:ed@bufferring, mode:EDIT
2026-05-27 09:41:41, MOVE, v:1, k:ed@bufferring, mode:EDIT
2026-05-27 09:41:57, EXEC, v:1, k:ed@bufferring, mode:FULL, rate:0, size:167
2026-05-27 09:42:13, MOVE, v:1, k:ed@bufferring, mode:BACK
2026-05-27 09:42:26, MOVE, v:1, k:ed@bufferring, mode:PICK
2026-05-27 09:42:27, EXEC, v:1, k:ed@bufferring, mode:FULL, rate:0
2026-05-27 09:42:52, EXEC, v:1, k:ed@bufferring, mode:FULL, rate:0, size:166
2026-05-27 09:46:09, EXEC, v:1, k:ed@bufferring, mode:FULL, rate:0, size:166
2026-05-27 09:46:07, MOVE, v:1, k:ed@bufferring, mode:EDIT
2026-05-27 09:46:07, MOVE, v:1, k:ed@bufferring, mode:EDIT
2026-05-27 09:46:09, MOVE, v:1, k:ed@bufferring, mode:EDIT
2026-05-27 09:51:16, EXEC, v:1, k:ed@bufferring, mode:FULL, rate:0, size:163
2026-05-27 09:51:15, MOVE, v:1, k:ed@bufferring, mode:EDIT
2026-05-27 09:51:15, MOVE, v:1, k:ed@bufferring, mode:EDIT
2026-05-27 09:51:16, MOVE, v:1, k:ed@bufferring, mode:EDIT
2026-05-27 09:52:53, EXEC, v:1, k:ed@bufferring, mode:FULL, rate:0, size:149
2026-05-27 09:55:27, EXEC, v:1, k:ed@bufferring, mode:FULL, rate:16, size:159
2026-05-27 09:55:26, MOVE, v:1, k:ed@bufferring, mode:EDIT
2026-05-27 09:55:26, MOVE, v:1, k:ed@bufferring, mode:EDIT
2026-05-27 09:55:27, MOVE, v:1, k:ed@bufferring, mode:EDIT
2026-05-27 09:57:41, EXEC, v:1, k:ed@bufferring, mode:FULL, rate:16, size:168
2026-05-27 09:58:23, EXEC, v:1, k:ed@bufferring, mode:FULL, rate:16, size:167
2026-05-27 10:01:17, EXEC, v:1, k:ed@bufferring, mode:FULL, rate:16, size:167
2026-05-27 10:01:51, EXEC, v:1, k:ed@bufferring, mode:FULL, rate:16, size:167
2026-05-27 10:01:49, MOVE, v:1, k:ed@bufferring, mode:EDIT
2026-05-27 10:01:49, MOVE, v:1, k:ed@bufferring, mode:EDIT
2026-05-27 10:01:51, MOVE, v:1, k:ed@bufferring, mode:EDIT
2026-05-27 10:03:20, EXEC, v:1, k:ed@bufferring, mode:FULL, rate:16, size:167
2026-05-27 10:04:25, EXEC, v:1, k:ed@bufferring, mode:FULL, rate:16, size:163
2026-05-27 10:04:23, MOVE, v:1, k:ed@bufferring, mode:EDIT
2026-05-27 10:04:23, MOVE, v:1, k:ed@bufferring, mode:EDIT
2026-05-27 10:04:25, MOVE, v:1, k:ed@bufferring, mode:EDIT
2026-05-27 10:07:17, EXEC, v:1, k:ed@bufferring, mode:FULL, rate:16, size:161
2026-05-27 10:08:00, EXEC, v:1, k:ed@bufferring, mode:FULL, rate:16, size:162
2026-05-27 10:07:58, MOVE, v:1, k:ed@bufferring, mode:EDIT
2026-05-27 10:07:58, MOVE, v:1, k:ed@bufferring, mode:EDIT
2026-05-27 10:08:00, MOVE, v:1, k:ed@bufferring, mode:EDIT
2026-05-27 10:11:59, EXEC, v:1, k:ed@bufferring, mode:FULL, rate:16, size:162
2026-05-27 10:11:56, MOVE, v:1, k:ed@bufferring, mode:EDIT
2026-05-27 10:11:56, MOVE, v:1, k:ed@bufferring, mode:EDIT
2026-05-27 10:11:59, MOVE, v:1, k:ed@bufferring, mode:EDIT
2026-05-27 10:17:34, EXEC, v:1, k:ed@bufferring, mode:FULL, rate:16
2026-05-27 10:17:33, MOVE, v:1, k:ed@bufferring, mode:EDIT
2026-05-27 10:17:33, MOVE, v:1, k:ed@bufferring, mode:EDIT
2026-05-27 10:17:34, MOVE, v:1, k:ed@bufferring, mode:EDIT
2026-05-27 10:22:10, EXEC, v:1, k:ed@bufferring, mode:FULL, rate:16, size:162
2026-05-27 10:22:26, EXEC, v:1, k:ed@bufferring, mode:FULL, rate:16, size:162
2026-05-27 10:24:31, EXEC, v:1, k:ed@bufferring, mode:FULL, rate:16, size:162
2026-05-27 10:26:13, EXEC, v:1, k:ed@bufferring, mode:FULL, rate:16, size:162
2026-05-27 10:26:27, EXEC, v:1, k:ed@bufferring, mode:FULL, rate:16, size:162
2026-05-27 10:26:25, MOVE, v:1, k:ed@bufferring, mode:EDIT
2026-05-27 10:26:25, MOVE, v:1, k:ed@bufferring, mode:EDIT
2026-05-27 10:26:27, MOVE, v:1, k:ed@bufferring, mode:EDIT
2026-05-27 10:27:30, EXEC, v:1, k:ed@bufferring, mode:FULL, rate:16
2026-05-27 10:28:15, MOVE, v:1, k:ed@bufferring, mode:BACK
2026-05-27 10:29:09, MOVE, v:1, k:ed@fila_enc, mode:PICK
2026-05-27 10:29:10, MOVE, v:1, k:ed@fila_enc, mode:BACK
2026-05-27 10:29:11, MOVE, v:1, k:ed@bufferring, mode:PICK
2026-05-27 10:29:11, EXEC, v:1, k:ed@bufferring, mode:FULL, rate:16, size:162
2026-05-27 10:29:55, EXEC, v:1, k:ed@bufferring, mode:FULL, rate:16, size:162
2026-05-27 10:30:32, EXEC, v:1, k:ed@bufferring, mode:FULL, rate:16, size:162
2026-05-27 10:30:32, MOVE, v:1, k:ed@bufferring, mode:EDIT
2026-05-27 10:30:32, MOVE, v:1, k:ed@bufferring, mode:EDIT
2026-05-27 10:30:32, MOVE, v:1, k:ed@bufferring, mode:EDIT
2026-05-27 10:33:25, EXEC, v:1, k:ed@bufferring, mode:FULL, rate:16, size:161
2026-05-27 10:36:04, MOVE, v:1, k:ed@bufferring, mode:EDIT
2026-05-27 10:36:04, MOVE, v:1, k:ed@bufferring, mode:EDIT
2026-05-27 10:33:25, MOVE, v:1, k:ed@bufferring, mode:EDIT
2026-05-27 10:39:50, MOVE, v:1, k:ed@bufferring, mode:EDIT
2026-05-27 10:39:50, MOVE, v:1, k:ed@bufferring, mode:EDIT
2026-05-27 10:42:22, EXEC, v:1, k:ed@bufferring, mode:FULL, rate:16, size:186
2026-05-27 10:43:03, EXEC, v:1, k:ed@bufferring, mode:FULL, rate:16, size:187
2026-05-27 10:44:43, EXEC, v:1, k:ed@bufferring, mode:FULL, rate:50, size:187
2026-05-27 10:44:43, MOVE, v:1, k:ed@bufferring, mode:EDIT
2026-05-27 10:44:43, MOVE, v:1, k:ed@bufferring, mode:EDIT
2026-05-27 10:44:43, MOVE, v:1, k:ed@bufferring, mode:EDIT
2026-05-27 10:47:10, EXEC, v:1, k:ed@bufferring, mode:FULL, rate:50, size:187
2026-05-27 10:51:29, EXEC, v:1, k:ed@bufferring, mode:FULL, rate:50, size:187
2026-05-27 10:51:17, MOVE, v:1, k:ed@bufferring, mode:EDIT
2026-05-27 10:51:17, MOVE, v:1, k:ed@bufferring, mode:EDIT
2026-05-27 10:51:29, MOVE, v:1, k:ed@bufferring, mode:EDIT
2026-05-27 10:52:36, EXEC, v:1, k:ed@bufferring, mode:FULL, rate:50, size:192
2026-05-27 10:53:07, EXEC, v:1, k:ed@bufferring, mode:FULL, rate:66, size:192
2026-05-27 10:53:06, MOVE, v:1, k:ed@bufferring, mode:EDIT
2026-05-27 10:53:06, MOVE, v:1, k:ed@bufferring, mode:EDIT
2026-05-27 10:53:07, MOVE, v:1, k:ed@bufferring, mode:EDIT
2026-05-27 10:58:54, EXEC, v:1, k:ed@bufferring, mode:FULL, rate:0, size:192
2026-05-27 11:01:16, EXEC, v:1, k:ed@bufferring, mode:FULL, rate:0
2026-05-27 11:01:16, EXEC, v:1, k:ed@bufferring, mode:FULL, rate:0
2026-05-27 11:01:19, EXEC, v:1, k:ed@bufferring, mode:FULL, rate:66, size:192
2026-05-27 11:01:19, MOVE, v:1, k:ed@bufferring, mode:EDIT
2026-05-27 11:01:19, MOVE, v:1, k:ed@bufferring, mode:EDIT
2026-05-27 11:01:19, MOVE, v:1, k:ed@bufferring, mode:EDIT
2026-05-27 11:04:31, EXEC, v:1, k:ed@bufferring, mode:FULL, rate:66, size:192
2026-05-27 11:04:30, MOVE, v:1, k:ed@bufferring, mode:EDIT
2026-05-27 11:04:30, MOVE, v:1, k:ed@bufferring, mode:EDIT
2026-05-27 11:04:31, MOVE, v:1, k:ed@bufferring, mode:EDIT
2026-05-27 11:14:51, EXEC, v:1, k:ed@bufferring, mode:FULL, rate:0, size:192
2026-05-27 11:16:52, EXEC, v:1, k:ed@bufferring, mode:FULL, rate:16, size:192
2026-05-27 11:16:51, MOVE, v:1, k:ed@bufferring, mode:EDIT
2026-05-27 11:16:51, MOVE, v:1, k:ed@bufferring, mode:EDIT
2026-05-27 11:16:52, MOVE, v:1, k:ed@bufferring, mode:EDIT
2026-05-27 11:20:30, EXEC, v:1, k:ed@bufferring, mode:FULL, rate:66, size:192
2026-05-27 11:20:53, EXEC, v:1, k:ed@bufferring, mode:FULL, rate:66, size:192
2026-05-27 11:20:52, MOVE, v:1, k:ed@bufferring, mode:EDIT
2026-05-27 11:20:52, MOVE, v:1, k:ed@bufferring, mode:EDIT
2026-05-27 11:20:53, MOVE, v:1, k:ed@bufferring, mode:EDIT
2026-05-27 11:24:26, EXEC, v:1, k:ed@bufferring, mode:FULL, rate:66, size:192
2026-05-27 11:24:57, EXEC, v:1, k:ed@bufferring, mode:FULL, rate:66
2026-05-27 11:24:55, MOVE, v:1, k:ed@bufferring, mode:EDIT
2026-05-27 11:24:55, MOVE, v:1, k:ed@bufferring, mode:EDIT
2026-05-27 11:24:57, MOVE, v:1, k:ed@bufferring, mode:EDIT
2026-05-27 11:29:27, EXEC, v:1, k:ed@bufferring, mode:FULL, rate:83, size:193
2026-05-27 11:30:18, EXEC, v:1, k:ed@bufferring, mode:FULL, rate:83, size:193
2026-05-27 11:30:53, EXEC, v:1, k:ed@bufferring, mode:FULL, rate:100, size:193
2026-05-27 11:30:54, MOVE, v:1, k:ed@bufferring, mode:BACK
2026-05-27 11:31:07, SELF, v:1, k:ed@bufferring, self:1, rate:100, concept:1
2026-05-27 15:08:58, MOVE, v:1, k:ed@bufferring, mode:PICK
2026-05-27 15:08:59, MOVE, v:1, k:ed@bufferring, mode:BACK
2026-05-27 15:08:59, MOVE, v:1, k:ed@fila_enc, mode:PICK
2026-05-27 15:09:34, MOVE, v:1, k:ed@fila_enc, mode:BACK
2026-05-27 16:44:37, MOVE, v:1, k:ed@iterador, mode:DOWN
2026-05-27 16:44:39, MOVE, v:1, k:ed@iterador, mode:PICK
