2026-06-02 10:46:16, MOVE, v:1, k:ed@distancia, mode:PICK
2026-06-02 10:46:44, MOVE, v:1, k:ed@distancia, mode:BACK
2026-06-02 10:47:25, MOVE, v:1, k:ed@n_rainhas, mode:DOWN
2026-06-02 10:47:26, MOVE, v:1, k:ed@n_rainhas, mode:PICK
2026-06-02 10:47:49, MOVE, v:1, k:ed@n_rainhas, mode:BACK
2026-06-02 10:48:19, MOVE, v:1, k:ed@wordsearch, mode:PICK
2026-06-02 10:48:20, EXEC, v:1, k:ed@wordsearch, mode:FULL, rate:25, size:62
2026-06-02 10:48:26, MOVE, v:1, k:ed@wordsearch, mode:BACK
2026-06-02 10:47:25, MOVE, v:1, k:ed@n_rainhas, mode:EDIT
2026-06-02 10:47:25, MOVE, v:1, k:ed@n_rainhas, mode:EDIT
2026-06-02 10:48:20, MOVE, v:1, k:ed@wordsearch, mode:EDIT
2026-06-02 10:54:52, MOVE, v:1, k:ed@wordsearch, mode:EDIT
2026-06-02 10:54:52, MOVE, v:1, k:ed@wordsearch, mode:EDIT
2026-06-02 11:06:05, MOVE, v:1, k:ed@wordsearch, mode:EDIT
2026-06-02 11:06:05, MOVE, v:1, k:ed@wordsearch, mode:EDIT
2026-06-02 11:10:33, MOVE, v:1, k:ed@wordsearch, mode:EDIT
2026-06-02 11:10:33, MOVE, v:1, k:ed@wordsearch, mode:EDIT
2026-06-02 11:14:36, MOVE, v:1, k:ed@wordsearch, mode:EDIT
2026-06-02 11:14:36, MOVE, v:1, k:ed@wordsearch, mode:EDIT
2026-06-02 15:22:03, MOVE, v:1, k:ed@wordsearch, mode:PICK
2026-06-02 15:22:03, EXEC, v:1, k:ed@wordsearch, mode:FULL, rate:25, size:83
2026-06-02 15:22:45, EXEC, v:1, k:ed@wordsearch, mode:FULL, rate:25, size:83
2026-06-02 15:24:26, EXEC, v:1, k:ed@wordsearch, mode:FULL, rate:25, size:83
2026-06-02 15:24:25, MOVE, v:1, k:ed@wordsearch, mode:EDIT
2026-06-02 15:24:24, MOVE, v:1, k:ed@wordsearch, mode:EDIT
2026-06-02 15:24:24, MOVE, v:1, k:ed@wordsearch, mode:EDIT
2026-06-02 15:32:21, EXEC, v:1, k:ed@wordsearch, mode:FULL, rate:25, size:84
2026-06-02 15:32:19, MOVE, v:1, k:ed@wordsearch, mode:EDIT
2026-06-02 15:32:19, MOVE, v:1, k:ed@wordsearch, mode:EDIT
2026-06-02 15:32:21, MOVE, v:1, k:ed@wordsearch, mode:EDIT
2026-06-02 15:35:50, EXEC, v:1, k:ed@wordsearch, mode:FULL, rate:25, size:84
2026-06-02 15:35:51, EXEC, v:1, k:ed@wordsearch, mode:FULL, rate:25
2026-06-02 15:35:43, MOVE, v:1, k:ed@wordsearch, mode:EDIT
2026-06-02 15:35:43, MOVE, v:1, k:ed@wordsearch, mode:EDIT
2026-06-02 15:35:51, MOVE, v:1, k:ed@wordsearch, mode:EDIT
2026-06-02 15:40:57, EXEC, v:1, k:ed@wordsearch, mode:FULL, rate:75, size:84
2026-06-02 15:41:56, EXEC, v:1, k:ed@wordsearch, mode:FULL, rate:0, size:81
2026-06-02 15:43:28, EXEC, v:1, k:ed@wordsearch, mode:FULL, rate:25, size:84
2026-06-02 15:43:27, MOVE, v:1, k:ed@wordsearch, mode:EDIT
2026-06-02 15:43:27, MOVE, v:1, k:ed@wordsearch, mode:EDIT
2026-06-02 15:43:28, MOVE, v:1, k:ed@wordsearch, mode:EDIT
2026-06-02 15:53:55, EXEC, v:1, k:ed@wordsearch, mode:FULL, rate:25, size:91
2026-06-02 15:54:48, EXEC, v:1, k:ed@wordsearch, mode:FULL, rate:25, size:91
2026-06-02 15:54:47, MOVE, v:1, k:ed@wordsearch, mode:EDIT
2026-06-02 15:54:47, MOVE, v:1, k:ed@wordsearch, mode:EDIT
2026-06-02 15:54:48, MOVE, v:1, k:ed@wordsearch, mode:EDIT
2026-06-02 16:00:07, EXEC, v:1, k:ed@wordsearch, mode:FULL, rate:100, size:94
2026-06-02 16:00:03, MOVE, v:1, k:ed@wordsearch, mode:EDIT
2026-06-02 16:00:03, MOVE, v:1, k:ed@wordsearch, mode:EDIT
2026-06-02 16:00:07, MOVE, v:1, k:ed@wordsearch, mode:EDIT
2026-06-02 16:05:19, SELF, v:1, k:ed@wordsearch, self:1, rate:100, study:60, concept:1
