2026-05-26 09:28:36, SELF, v:1, k:ed@princesa, self:1, rate:100, concept:1
2026-05-26 09:28:45, MOVE, v:1, k:ed@multiset, mode:PICK
2026-05-26 09:28:46, EXEC, v:1, k:ed@multiset, mode:FULL, rate:100
2026-05-26 09:28:47, MOVE, v:1, k:ed@multiset, mode:BACK
2026-05-26 09:28:51, SELF, v:1, k:ed@multiset, self:1, rate:100
2026-05-26 09:30:47, MOVE, v:1, k:ed@magicsearch, mode:PICK
2026-05-26 09:30:48, EXEC, v:1, k:ed@magicsearch, mode:FULL, rate:30, size:30
2026-05-26 09:28:46, MOVE, v:1, k:ed@multiset, mode:EDIT
2026-05-26 09:30:48, MOVE, v:1, k:ed@magicsearch, mode:EDIT
2026-05-26 10:57:57, MOVE, v:1, k:ed@magicsearch, mode:BACK
2026-05-26 14:23:00, MOVE, v:1, k:ed@magicsearch, mode:PICK
2026-05-26 14:23:00, EXEC, v:1, k:ed@magicsearch, mode:FULL, rate:30
2026-05-26 14:23:06, MOVE, v:1, k:ed@magicsearch, mode:BACK
2026-05-26 14:23:16, MOVE, v:1, k:ed@bufferring, mode:DOWN
2026-05-26 14:23:18, MOVE, v:1, k:ed@fila_enc, mode:DOWN
2026-05-26 14:23:18, MOVE, v:1, k:ed@fila_enc, mode:PICK
2026-05-26 14:23:19, MOVE, v:1, k:ed@fila_enc, mode:BACK
2026-05-26 14:23:21, MOVE, v:1, k:ed@pilha, mode:DOWN
2026-05-26 14:23:00, MOVE, v:1, k:ed@magicsearch, mode:EDIT
2026-05-26 14:23:16, MOVE, v:1, k:ed@bufferring, mode:EDIT
2026-05-26 14:23:16, MOVE, v:1, k:ed@bufferring, mode:EDIT
2026-05-26 14:23:16, MOVE, v:1, k:ed@bufferring, mode:EDIT
2026-05-26 14:23:16, MOVE, v:1, k:ed@bufferring, mode:EDIT
2026-05-26 14:23:18, MOVE, v:1, k:ed@fila_enc, mode:EDIT
2026-05-26 14:23:18, MOVE, v:1, k:ed@fila_enc, mode:EDIT
2026-05-26 14:23:18, MOVE, v:1, k:ed@fila_enc, mode:EDIT
2026-05-26 14:23:21, MOVE, v:1, k:ed@pilha, mode:EDIT
2026-05-26 14:23:21, MOVE, v:1, k:ed@pilha, mode:EDIT
2026-05-26 14:23:21, MOVE, v:1, k:ed@pilha, mode:EDIT
2026-05-26 14:23:21, MOVE, v:1, k:ed@pilha, mode:EDIT
2026-05-26 14:30:50, MOVE, v:1, k:ed@bufferring, mode:EDIT
2026-05-26 14:30:50, MOVE, v:1, k:ed@bufferring, mode:EDIT
2026-05-26 14:36:11, MOVE, v:1, k:ed@bufferring, mode:EDIT
2026-05-26 14:36:11, MOVE, v:1, k:ed@bufferring, mode:EDIT
2026-05-26 14:40:03, MOVE, v:1, k:ed@multiset, mode:PICK
2026-05-26 14:40:04, EXEC, v:1, k:ed@multiset, mode:FULL, rate:100
2026-05-26 14:40:06, EXEC, v:1, k:ed@multiset, mode:FULL, rate:100
2026-05-26 14:40:06, MOVE, v:1, k:ed@multiset, mode:EDIT
2026-05-26 14:45:52, MOVE, v:1, k:ed@bufferring, mode:EDIT
2026-05-26 14:45:51, MOVE, v:1, k:ed@bufferring, mode:EDIT
2026-05-26 14:45:52, MOVE, v:1, k:ed@bufferring, mode:EDIT
2026-05-26 15:19:09, MOVE, v:1, k:ed@multiset, mode:PICK
2026-05-26 17:01:44, MOVE, v:1, k:ed@multiset, mode:PICK
2026-05-26 17:01:44, EXEC, v:1, k:ed@multiset, mode:FULL, rate:100
2026-05-26 17:01:45, EXEC, v:1, k:ed@multiset, mode:FULL, rate:100
2026-05-26 17:01:46, EXEC, v:1, k:ed@multiset, mode:FULL, rate:100
2026-05-26 17:01:46, MOVE, v:1, k:ed@multiset, mode:EDIT
2026-05-26 17:11:46, MOVE, v:1, k:ed@multiset, mode:BACK
2026-05-26 17:10:53, MOVE, v:1, k:ed@multiset, mode:EDIT
2026-05-26 17:10:53, MOVE, v:1, k:ed@multiset, mode:EDIT
2026-05-26 17:11:31, MOVE, v:1, k:ed@bufferring, mode:EDIT
2026-05-26 17:11:31, MOVE, v:1, k:ed@bufferring, mode:EDIT
2026-05-26 17:18:07, MOVE, v:1, k:ed@bufferring, mode:EDIT
2026-05-26 17:18:07, MOVE, v:1, k:ed@bufferring, mode:EDIT
2026-05-26 17:23:20, MOVE, v:1, k:ed@bufferring, mode:EDIT
2026-05-26 17:23:20, MOVE, v:1, k:ed@bufferring, mode:EDIT
2026-05-26 17:41:06, MOVE, v:1, k:ed@multiset, mode:PICK
2026-05-26 17:41:06, EXEC, v:1, k:ed@multiset, mode:FULL, rate:100, size:208
2026-05-26 17:41:08, MOVE, v:1, k:ed@multiset, mode:BACK
2026-05-26 17:42:44, MOVE, v:1, k:ed@multiset, mode:EDIT
2026-05-26 17:42:44, MOVE, v:1, k:ed@multiset, mode:EDIT
2026-05-26 17:41:06, MOVE, v:1, k:ed@multiset, mode:EDIT
2026-05-26 17:46:35, MOVE, v:1, k:ed@bufferring, mode:EDIT
2026-05-26 17:46:35, MOVE, v:1, k:ed@bufferring, mode:EDIT
2026-05-26 18:28:54, MOVE, v:1, k:ed@bufferring, mode:EDIT
2026-05-26 18:28:54, MOVE, v:1, k:ed@bufferring, mode:EDIT
2026-05-26 18:32:15, MOVE, v:1, k:ed@bufferring, mode:EDIT
2026-05-26 18:32:15, MOVE, v:1, k:ed@bufferring, mode:EDIT
2026-05-26 18:37:21, MOVE, v:1, k:ed@bufferring, mode:EDIT
2026-05-26 18:37:21, MOVE, v:1, k:ed@bufferring, mode:EDIT
2026-05-26 18:42:11, MOVE, v:1, k:ed@bufferring, mode:PICK
2026-05-26 18:42:11, EXEC, v:1, k:ed@bufferring, mode:FULL, rate:0, size:133
2026-05-26 18:43:26, EXEC, v:1, k:ed@bufferring, mode:FULL, rate:0, size:137
2026-05-26 18:43:26, MOVE, v:1, k:ed@bufferring, mode:EDIT
2026-05-26 18:43:23, MOVE, v:1, k:ed@bufferring, mode:EDIT
2026-05-26 18:43:23, MOVE, v:1, k:ed@bufferring, mode:EDIT
2026-05-26 18:47:05, EXEC, v:1, k:ed@bufferring, mode:FULL, rate:0, size:140
2026-05-26 18:47:03, MOVE, v:1, k:ed@bufferring, mode:EDIT
2026-05-26 18:47:03, MOVE, v:1, k:ed@bufferring, mode:EDIT
2026-05-26 18:47:05, MOVE, v:1, k:ed@bufferring, mode:EDIT
2026-05-26 19:59:51, MOVE, v:1, k:ed@bufferring, mode:EDIT
2026-05-26 19:59:51, MOVE, v:1, k:ed@bufferring, mode:EDIT
2026-05-26 20:11:55, EXEC, v:1, k:ed@bufferring, mode:FULL, rate:0, size:154
2026-05-26 20:13:18, EXEC, v:1, k:ed@bufferring, mode:FULL, rate:0, size:154
2026-05-26 20:13:17, MOVE, v:1, k:ed@bufferring, mode:EDIT
2026-05-26 20:13:17, MOVE, v:1, k:ed@bufferring, mode:EDIT
2026-05-26 20:13:18, MOVE, v:1, k:ed@bufferring, mode:EDIT
2026-05-26 20:16:51, EXEC, v:1, k:ed@bufferring, mode:FULL, rate:0, size:154
2026-05-26 20:18:19, EXEC, v:1, k:ed@bufferring, mode:FULL, rate:0, size:154
2026-05-26 20:19:13, EXEC, v:1, k:ed@bufferring, mode:FULL, rate:0, size:154
2026-05-26 20:19:29, EXEC, v:1, k:ed@bufferring, mode:FULL, rate:0, size:154
2026-05-26 20:19:28, MOVE, v:1, k:ed@bufferring, mode:EDIT
2026-05-26 20:19:28, MOVE, v:1, k:ed@bufferring, mode:EDIT
2026-05-26 20:19:29, MOVE, v:1, k:ed@bufferring, mode:EDIT
2026-05-26 20:20:44, EXEC, v:1, k:ed@bufferring, mode:FULL, rate:0, size:154
2026-05-26 20:20:45, EXEC, v:1, k:ed@bufferring, mode:FULL, rate:0
2026-05-26 20:20:46, EXEC, v:1, k:ed@bufferring, mode:FULL, rate:0
2026-05-26 20:20:46, EXEC, v:1, k:ed@bufferring, mode:FULL, rate:0
2026-05-26 20:21:34, EXEC, v:1, k:ed@bufferring, mode:FULL, rate:0, size:160
2026-05-26 20:22:12, EXEC, v:1, k:ed@bufferring, mode:FULL, rate:0, size:160
