2026-05-20 09:19:13, MOVE, v:1, k:ed@rotten, mode:DOWN
2026-05-20 09:19:20, MOVE, v:1, k:ed@rotten, mode:PICK
2026-05-20 09:19:13, MOVE, v:1, k:ed@rotten, mode:EDIT
2026-05-20 09:19:13, MOVE, v:1, k:ed@rotten, mode:EDIT
2026-05-20 10:23:34, MOVE, v:1, k:ed@bettersearch, mode:EDIT
2026-05-20 10:23:34, MOVE, v:1, k:ed@bettersearch, mode:EDIT
2026-05-20 10:51:25, MOVE, v:1, k:ed@rotten, mode:EDIT
2026-05-20 10:51:25, MOVE, v:1, k:ed@rotten, mode:EDIT
2026-05-20 10:51:28, MOVE, v:1, k:ed@rotten, mode:EDIT
2026-05-20 10:51:28, MOVE, v:1, k:ed@rotten, mode:EDIT
2026-05-20 15:56:12, MOVE, v:1, k:ed@rotten, mode:EDIT
2026-05-20 15:56:12, MOVE, v:1, k:ed@rotten, mode:EDIT
2026-05-20 16:01:05, MOVE, v:1, k:ed@rotten, mode:EDIT
2026-05-20 16:01:05, MOVE, v:1, k:ed@rotten, mode:EDIT
2026-05-20 16:20:29, SELF, v:1, k:eval1@baruel, self:1, rate:100
2026-05-20 16:20:44, SELF, v:1, k:ed@editorint, self:1, rate:100, friend:codigo nao computou as mudanca de linha, concept:1
2026-05-20 16:33:26, MOVE, v:1, k:ed@rotten, mode:PICK
2026-05-20 16:33:26, EXEC, v:1, k:ed@rotten, mode:FULL, rate:0, size:15
2026-05-20 16:33:28, EXEC, v:1, k:ed@rotten, mode:FULL, rate:0
2026-05-20 16:33:28, EXEC, v:1, k:ed@rotten, mode:FULL, rate:0
2026-05-20 16:33:28, EXEC, v:1, k:ed@rotten, mode:FULL, rate:0
2026-05-20 16:33:28, EXEC, v:1, k:ed@rotten, mode:FULL, rate:0
2026-05-20 16:33:29, EXEC, v:1, k:ed@rotten, mode:FULL, rate:0
2026-05-20 16:33:29, EXEC, v:1, k:ed@rotten, mode:FULL, rate:0
2026-05-20 16:33:05, MOVE, v:1, k:ed@rotten, mode:EDIT
2026-05-20 16:33:05, MOVE, v:1, k:ed@rotten, mode:EDIT
2026-05-20 16:33:29, MOVE, v:1, k:ed@rotten, mode:EDIT
