2026-05-30 13:26:28, MOVE, v:1, k:ed@subset_sum, mode:DOWN
2026-05-30 13:26:39, MOVE, v:1, k:ed@subset_sum, mode:PICK
2026-05-30 13:26:28, MOVE, v:1, k:ed@subset_sum, mode:EDIT
2026-05-30 13:26:28, MOVE, v:1, k:ed@subset_sum, mode:EDIT
2026-05-30 13:26:28, MOVE, v:1, k:ed@subset_sum, mode:EDIT
2026-05-30 14:08:35, MOVE, v:1, k:ed@subset_sum, mode:EDIT
2026-05-30 14:08:35, MOVE, v:1, k:ed@subset_sum, mode:EDIT
2026-05-30 14:14:20, MOVE, v:1, k:ed@subset_sum, mode:EDIT
2026-05-30 14:14:20, MOVE, v:1, k:ed@subset_sum, mode:EDIT
2026-05-30 14:19:41, MOVE, v:1, k:ed@subset_sum, mode:EDIT
2026-05-30 14:19:41, MOVE, v:1, k:ed@subset_sum, mode:EDIT
2026-05-30 14:45:40, MOVE, v:1, k:ed@subset_sum, mode:EDIT
2026-05-30 14:45:40, MOVE, v:1, k:ed@subset_sum, mode:EDIT
2026-05-30 14:46:58, EXEC, v:1, k:ed@subset_sum, mode:FULL, size:37, fail:COMP
2026-05-30 14:47:37, EXEC, v:1, k:ed@subset_sum, mode:FULL, rate:0, size:37
2026-05-30 14:48:30, EXEC, v:1, k:ed@subset_sum, mode:FULL, rate:25, size:40
2026-05-30 14:50:27, EXEC, v:1, k:ed@subset_sum, mode:FULL, rate:0, size:41
2026-05-30 14:50:25, MOVE, v:1, k:ed@subset_sum, mode:EDIT
2026-05-30 14:50:25, MOVE, v:1, k:ed@subset_sum, mode:EDIT
2026-05-30 14:50:27, MOVE, v:1, k:ed@subset_sum, mode:EDIT
2026-05-30 14:51:52, EXEC, v:1, k:ed@subset_sum, mode:FULL, rate:45, size:40
2026-05-30 14:55:32, EXEC, v:1, k:ed@subset_sum, mode:FULL, size:40, fail:COMP
2026-05-30 14:55:28, MOVE, v:1, k:ed@subset_sum, mode:EDIT
2026-05-30 14:55:28, MOVE, v:1, k:ed@subset_sum, mode:EDIT
2026-05-30 14:51:52, MOVE, v:1, k:ed@subset_sum, mode:EDIT
2026-05-30 14:57:01, EXEC, v:1, k:ed@subset_sum, mode:FULL, rate:25, size:40
2026-05-30 14:59:25, MOVE, v:1, k:ed@subset_sum, mode:EDIT
2026-05-30 14:59:25, MOVE, v:1, k:ed@subset_sum, mode:EDIT
2026-05-30 14:57:01, MOVE, v:1, k:ed@subset_sum, mode:EDIT
2026-05-30 15:02:37, EXEC, v:1, k:ed@subset_sum, mode:FULL, rate:45, size:40
2026-05-30 15:02:42, EXEC, v:1, k:ed@subset_sum, mode:FULL, rate:45, size:40
2026-05-30 15:02:51, MOVE, v:1, k:ed@subset_sum, mode:BACK
2026-05-30 15:05:31, MOVE, v:1, k:ed@subset_sum, mode:PICK
2026-05-30 15:05:31, EXEC, v:1, k:ed@subset_sum, mode:FULL, rate:45
2026-05-30 15:05:28, MOVE, v:1, k:ed@subset_sum, mode:EDIT
2026-05-30 15:05:28, MOVE, v:1, k:ed@subset_sum, mode:EDIT
2026-05-30 15:05:31, MOVE, v:1, k:ed@subset_sum, mode:EDIT
2026-05-30 15:11:56, EXEC, v:1, k:ed@subset_sum, mode:FULL, rate:45
2026-05-30 15:15:26, EXEC, v:1, k:ed@subset_sum, mode:FULL, rate:0, size:40
2026-05-30 15:15:47, EXEC, v:1, k:ed@subset_sum, mode:FULL, rate:29, size:40
2026-05-30 15:15:45, MOVE, v:1, k:ed@subset_sum, mode:EDIT
2026-05-30 15:15:45, MOVE, v:1, k:ed@subset_sum, mode:EDIT
2026-05-30 15:15:47, MOVE, v:1, k:ed@subset_sum, mode:EDIT
2026-05-30 15:16:32, EXEC, v:1, k:ed@subset_sum, mode:FULL, rate:29, size:40
2026-05-30 15:18:22, EXEC, v:1, k:ed@subset_sum, mode:FULL, rate:29, size:40
2026-05-30 15:18:20, MOVE, v:1, k:ed@subset_sum, mode:EDIT
2026-05-30 15:18:20, MOVE, v:1, k:ed@subset_sum, mode:EDIT
2026-05-30 15:18:22, MOVE, v:1, k:ed@subset_sum, mode:EDIT
2026-05-30 15:24:06, MOVE, v:1, k:ed@subset_sum, mode:EDIT
2026-05-30 15:24:06, MOVE, v:1, k:ed@subset_sum, mode:EDIT
2026-05-30 15:28:50, EXEC, v:1, k:ed@subset_sum, mode:FULL, rate:100, size:31
2026-05-30 15:28:52, MOVE, v:1, k:ed@subset_sum, mode:BACK
2026-05-30 15:29:09, SELF, v:1, k:ed@subset_sum, self:1, rate:100, study:100
2026-05-30 15:30:11, MOVE, v:1, k:ed@subset_sum, mode:EDIT
2026-05-30 15:30:11, MOVE, v:1, k:ed@subset_sum, mode:EDIT
2026-05-30 15:28:50, MOVE, v:1, k:ed@subset_sum, mode:EDIT
2026-05-30 15:32:53, MOVE, v:1, k:ed@wordsearch, mode:DOWN
2026-05-30 15:32:54, MOVE, v:1, k:ed@distancia, mode:DOWN
2026-05-30 15:34:32, MOVE, v:1, k:ed@wordsearch, mode:PICK
2026-05-30 15:34:33, MOVE, v:1, k:ed@wordsearch, mode:BACK
2026-05-30 15:34:33, MOVE, v:1, k:ed@subset_sum, mode:PICK
2026-05-30 15:34:34, EXEC, v:1, k:ed@subset_sum, mode:FULL, rate:100, size:31
2026-05-30 15:34:35, MOVE, v:1, k:ed@subset_sum, mode:BACK
2026-05-30 15:32:53, MOVE, v:1, k:ed@wordsearch, mode:EDIT
2026-05-30 15:32:53, MOVE, v:1, k:ed@wordsearch, mode:EDIT
2026-05-30 15:32:53, MOVE, v:1, k:ed@wordsearch, mode:EDIT
2026-05-30 15:32:53, MOVE, v:1, k:ed@wordsearch, mode:EDIT
2026-05-30 15:32:54, MOVE, v:1, k:ed@distancia, mode:EDIT
2026-05-30 15:32:54, MOVE, v:1, k:ed@distancia, mode:EDIT
2026-05-30 15:34:31, MOVE, v:1, k:ed@subset_sum, mode:EDIT
2026-05-30 15:34:31, MOVE, v:1, k:ed@subset_sum, mode:EDIT
2026-05-30 15:34:34, MOVE, v:1, k:ed@subset_sum, mode:EDIT
