2026-05-08 09:43:13, SELF, v:1, k:ed@editorint, self:1, rate:100, friend:codigo nao computou as mudanca de linha, concept:1
2026-05-08 10:28:16, MOVE, v:1, k:ed@lista_d1, mode:EDIT
2026-05-08 10:28:16, MOVE, v:1, k:ed@lista_d1, mode:EDIT
2026-05-08 10:53:49, MOVE, v:1, k:ed@lista_d1, mode:PICK
2026-05-08 10:53:49, MOVE, v:1, k:ed@lista_d1, mode:BACK
2026-05-08 19:10:49, MOVE, v:1, k:ed@lista_d1, mode:PICK
2026-05-08 19:10:51, MOVE, v:1, k:ed@lista_d1, mode:BACK
2026-05-08 19:10:56, MOVE, v:1, k:ed@lista_d1, mode:PICK
2026-05-08 19:12:54, MOVE, v:1, k:ed@lista_d1, mode:BACK
2026-05-08 19:12:09, MOVE, v:1, k:ed@lista_d1, mode:EDIT
2026-05-08 19:12:09, MOVE, v:1, k:ed@lista_d1, mode:EDIT
2026-05-08 19:25:51, MOVE, v:1, k:ed@lista_d1, mode:PICK
2026-05-08 19:25:52, EXEC, v:1, k:ed@lista_d1, mode:FULL, rate:0, size:86
2026-05-08 19:26:11, MOVE, v:1, k:ed@lista_d1, mode:BACK
2026-05-08 19:26:34, MOVE, v:1, k:ed@lista_d1, mode:PICK
2026-05-08 19:25:49, MOVE, v:1, k:ed@lista_d1, mode:EDIT
2026-05-08 19:25:49, MOVE, v:1, k:ed@lista_d1, mode:EDIT
2026-05-08 19:25:52, MOVE, v:1, k:ed@lista_d1, mode:EDIT
2026-05-08 19:29:08, EXEC, v:1, k:ed@lista_d1, mode:FULL, rate:0
2026-05-08 19:29:08, MOVE, v:1, k:ed@lista_d1, mode:EDIT
2026-05-08 19:31:15, MOVE, v:1, k:ed@lista_d1, mode:EDIT
2026-05-08 19:31:15, MOVE, v:1, k:ed@lista_d1, mode:EDIT
2026-05-08 19:42:39, EXEC, v:1, k:ed@lista_d1, mode:FULL, rate:0, size:92
2026-05-08 19:42:37, MOVE, v:1, k:ed@lista_d1, mode:EDIT
2026-05-08 19:42:37, MOVE, v:1, k:ed@lista_d1, mode:EDIT
2026-05-08 19:42:39, MOVE, v:1, k:ed@lista_d1, mode:EDIT
