2026-06-05 16:51:48, MOVE, v:1, k:ed@chaves, mode:PICK
2026-06-05 16:52:02, MOVE, v:1, k:ed@chaves, mode:BACK
2026-06-05 17:01:15, MOVE, v:1, k:ed@queimando, mode:EDIT
2026-06-05 17:01:15, MOVE, v:1, k:ed@queimando, mode:EDIT
2026-06-05 17:07:30, MOVE, v:1, k:ed@queimando, mode:EDIT
2026-06-05 17:07:30, MOVE, v:1, k:ed@queimando, mode:EDIT
2026-06-05 17:11:13, MOVE, v:1, k:ed@queimando, mode:PICK
2026-06-05 17:11:40, MOVE, v:1, k:ed@queimando, mode:EDIT
2026-06-05 17:11:40, MOVE, v:1, k:ed@queimando, mode:EDIT
2026-06-05 17:17:38, MOVE, v:1, k:ed@queimando, mode:EDIT
2026-06-05 17:17:38, MOVE, v:1, k:ed@queimando, mode:EDIT
2026-06-05 17:23:32, MOVE, v:1, k:ed@queimando, mode:EDIT
2026-06-05 17:23:32, MOVE, v:1, k:ed@queimando, mode:EDIT
2026-06-05 17:22:41, MOVE, v:1, k:ed@queimando, mode:EDIT
2026-06-05 17:28:31, MOVE, v:1, k:ed@queimando, mode:EDIT
2026-06-05 17:28:31, MOVE, v:1, k:ed@queimando, mode:EDIT
2026-06-05 17:32:10, EXEC, v:1, k:ed@queimando, mode:FULL, rate:0, size:112
2026-06-05 17:32:27, EXEC, v:1, k:ed@queimando, mode:FULL, rate:0, size:113
2026-06-05 17:32:28, EXEC, v:1, k:ed@queimando, mode:FULL, rate:0
2026-06-05 17:32:29, EXEC, v:1, k:ed@queimando, mode:FULL, rate:0
2026-06-05 17:32:31, EXEC, v:1, k:ed@queimando, mode:FULL, rate:0
2026-06-05 17:34:34, MOVE, v:1, k:ed@queimando, mode:EDIT
2026-06-05 17:34:34, MOVE, v:1, k:ed@queimando, mode:EDIT
2026-06-05 17:32:31, MOVE, v:1, k:ed@queimando, mode:EDIT
2026-06-05 17:38:10, EXEC, v:1, k:ed@queimando, mode:FULL, rate:0, size:113
2026-06-05 17:38:55, EXEC, v:1, k:ed@queimando, mode:FULL, rate:0, size:117
2026-06-05 17:38:50, MOVE, v:1, k:ed@queimando, mode:EDIT
2026-06-05 17:38:50, MOVE, v:1, k:ed@queimando, mode:EDIT
2026-06-05 17:38:51, MOVE, v:1, k:ed@queimando, mode:EDIT
2026-06-05 17:41:30, EXEC, v:1, k:ed@queimando, mode:FULL, rate:0, size:116
2026-06-05 17:41:31, EXEC, v:1, k:ed@queimando, mode:FULL, rate:0
2026-06-05 17:42:58, EXEC, v:1, k:ed@queimando, mode:FULL, rate:0, size:116
2026-06-05 17:44:06, EXEC, v:1, k:ed@queimando, mode:FULL, rate:100, size:114
2026-06-05 17:44:07, MOVE, v:1, k:ed@queimando, mode:BACK
2026-06-05 17:44:08, MOVE, v:1, k:ed@queimando, mode:PICK
2026-06-05 17:44:17, SELF, v:1, k:ed@queimando, self:1, rate:100, study:30, concept:1
2026-06-05 17:44:18, MOVE, v:1, k:ed@queimando, mode:BACK
2026-06-05 17:44:05, MOVE, v:1, k:ed@queimando, mode:EDIT
2026-06-05 17:44:05, MOVE, v:1, k:ed@queimando, mode:EDIT
2026-06-05 17:44:06, MOVE, v:1, k:ed@queimando, mode:EDIT
2026-06-05 18:49:40, MOVE, v:1, k:eval1@triangulo, mode:PICK
2026-06-05 18:49:42, MOVE, v:1, k:eval1@triangulo, mode:BACK
2026-06-05 18:49:57, MOVE, v:1, k:eval1@triangulo, mode:PICK
2026-06-05 19:09:29, MOVE, v:1, k:eval1@triangulo, mode:EDIT
2026-06-05 19:09:29, MOVE, v:1, k:eval1@triangulo, mode:EDIT
2026-06-05 19:09:31, MOVE, v:1, k:eval1@triangulo, mode:EDIT
2026-06-05 19:09:31, MOVE, v:1, k:eval1@triangulo, mode:EDIT
2026-06-05 19:13:13, MOVE, v:1, k:eval1@triangulo, mode:EDIT
2026-06-05 19:13:13, MOVE, v:1, k:eval1@triangulo, mode:EDIT
2026-06-05 22:35:11, MOVE, v:1, k:eval1@triangulo, mode:EDIT
2026-06-05 22:35:11, MOVE, v:1, k:eval1@triangulo, mode:EDIT
