2026-04-27 09:10:32, MOVE, v:1, k:ed@queimada, mode:DOWN
2026-04-27 09:14:09, MOVE, v:1, k:ed@queimada, mode:PICK
2026-04-27 09:10:32, MOVE, v:1, k:ed@queimada, mode:EDIT
2026-04-27 09:10:32, MOVE, v:1, k:ed@queimada, mode:EDIT
2026-04-27 09:30:22, MOVE, v:1, k:ed@queimada, mode:EDIT
2026-04-27 09:32:31, EXEC, v:1, k:ed@queimada, mode:FULL, rate:0, size:51
2026-04-27 09:32:52, EXEC, v:1, k:ed@queimada, mode:FULL, rate:0, size:51
2026-04-27 09:33:15, EXEC, v:1, k:ed@queimada, mode:FULL, rate:0, size:51
2026-04-27 09:33:15, EXEC, v:1, k:ed@queimada, mode:FULL, rate:0, size:51
2026-04-27 09:33:16, EXEC, v:1, k:ed@queimada, mode:FULL, rate:0
2026-04-27 09:35:03, MOVE, v:1, k:ed@queimada, mode:EDIT
2026-04-27 09:33:16, MOVE, v:1, k:ed@queimada, mode:EDIT
2026-04-27 09:37:29, EXEC, v:1, k:ed@queimada, mode:FULL, rate:0, size:53
2026-04-27 09:38:51, EXEC, v:1, k:ed@queimada, mode:FULL, rate:0, size:53
2026-04-27 09:38:49, MOVE, v:1, k:ed@queimada, mode:EDIT
2026-04-27 09:38:51, MOVE, v:1, k:ed@queimada, mode:EDIT
2026-04-27 09:41:43, EXEC, v:1, k:ed@queimada, mode:FULL, rate:0, size:53
2026-04-27 09:41:44, EXEC, v:1, k:ed@queimada, mode:FULL, rate:0
2026-04-27 09:44:33, MOVE, v:1, k:ed@queimada, mode:EDIT
2026-04-27 09:41:44, MOVE, v:1, k:ed@queimada, mode:EDIT
2026-04-27 09:50:22, MOVE, v:1, k:ed@queimada, mode:EDIT
2026-04-27 09:50:28, EXEC, v:1, k:ed@queimada, mode:FULL, rate:0, size:53
2026-04-27 09:50:29, EXEC, v:1, k:ed@queimada, mode:FULL, rate:0
2026-04-27 09:50:29, EXEC, v:1, k:ed@queimada, mode:FULL, rate:0
2026-04-27 09:50:29, EXEC, v:1, k:ed@queimada, mode:FULL, rate:0
2026-04-27 09:50:29, EXEC, v:1, k:ed@queimada, mode:FULL, rate:0
2026-04-27 09:50:29, EXEC, v:1, k:ed@queimada, mode:FULL, rate:0
2026-04-27 09:50:29, EXEC, v:1, k:ed@queimada, mode:FULL, rate:0
2026-04-27 09:50:31, EXEC, v:1, k:ed@queimada, mode:FULL, rate:0
2026-04-27 09:51:04, EXEC, v:1, k:ed@queimada, mode:FULL, rate:0, size:53
2026-04-27 09:51:05, EXEC, v:1, k:ed@queimada, mode:FULL, rate:0
2026-04-27 09:51:28, EXEC, v:1, k:ed@queimada, mode:FULL, rate:0, size:49
2026-04-27 09:53:13, EXEC, v:1, k:ed@queimada, mode:FULL, rate:100, size:53
2026-04-27 09:53:19, MOVE, v:1, k:ed@queimada, mode:BACK
2026-04-27 09:53:29, SELF, v:1, k:ed@queimada, self:1, rate:100, study:30, concept:1
2026-04-27 09:54:31, MOVE, v:1, k:ed@labirinto, mode:PICK
2026-04-27 09:53:43, MOVE, v:1, k:ed@queimada, mode:EDIT
2026-04-27 09:53:12, MOVE, v:1, k:ed@queimada, mode:EDIT
2026-04-27 10:10:53, EXEC, v:1, k:ed@labirinto, mode:FULL, rate:0
2026-04-27 10:10:53, MOVE, v:1, k:ed@labirinto, mode:EDIT
2026-04-27 10:35:43, MOVE, v:1, k:ed@labirinto, mode:BACK
2026-04-27 10:35:55, MOVE, v:1, k:ed@vetbuild, mode:PICK
2026-04-27 10:49:34, MOVE, v:1, k:ed@vetbuild, mode:EDIT
2026-04-27 10:57:00, MOVE, v:1, k:ed@vetbuild, mode:EDIT
2026-04-27 16:15:51, MOVE, v:1, k:ed@queimada, mode:PICK
2026-04-27 16:41:32, MOVE, v:1, k:ed@queimada, mode:BACK
2026-04-27 21:31:30, MOVE, v:1, k:ed@vetbuild, mode:PICK
2026-04-27 21:32:09, MOVE, v:1, k:ed@vetbuild, mode:PICK
2026-04-27 21:32:33, MOVE, v:1, k:ed@vetbuild, mode:PICK
2026-04-27 21:32:44, MOVE, v:1, k:ed@vetbuild, mode:BACK
2026-04-27 21:35:31, MOVE, v:1, k:ed@vetbuild, mode:PICK
2026-04-27 21:35:53, MOVE, v:1, k:ed@vetbuild, mode:BACK
2026-04-27 21:37:31, MOVE, v:1, k:ed@vetbuild, mode:PICK
2026-04-27 21:59:12, EXEC, v:1, k:ed@vetbuild, mode:FULL, size:131, fail:COMP
2026-04-27 21:59:13, EXEC, v:1, k:ed@vetbuild, mode:FULL, fail:COMP
2026-04-27 21:59:14, EXEC, v:1, k:ed@vetbuild, mode:FULL, fail:COMP
2026-04-27 21:59:14, EXEC, v:1, k:ed@vetbuild, mode:FULL, fail:COMP
