2026-06-10 11:50:20, MOVE, v:1, k:ed@manipulacao, mode:PICK
2026-06-10 11:50:24, EXEC, v:1, k:ed@manipulacao, mode:FULL, rate:85
2026-06-10 11:52:21, EXEC, v:1, k:ed@manipulacao, mode:FULL, rate:85
2026-06-10 11:52:21, MOVE, v:1, k:ed@manipulacao, mode:EDIT
2026-06-10 11:55:44, EXEC, v:1, k:ed@manipulacao, mode:FULL, rate:85
2026-06-10 11:55:47, MOVE, v:1, k:ed@manipulacao, mode:BACK
2026-06-10 11:55:48, MOVE, v:1, k:ed@manipulacao, mode:PICK
2026-06-10 11:56:17, EXEC, v:1, k:ed@manipulacao, mode:FULL, rate:85
2026-06-10 11:56:17, MOVE, v:1, k:ed@manipulacao, mode:EDIT
2026-06-10 12:01:55, EXEC, v:1, k:ed@manipulacao, mode:FULL, rate:85
2026-06-10 12:02:04, EXEC, v:1, k:ed@manipulacao, mode:FULL, rate:85
2026-06-10 12:02:05, EXEC, v:1, k:ed@manipulacao, mode:FULL, rate:85
2026-06-10 12:02:10, MOVE, v:1, k:ed@manipulacao, mode:BACK
2026-06-10 12:02:11, MOVE, v:1, k:ed@manipulacao, mode:PICK
2026-06-10 12:02:12, MOVE, v:1, k:ed@manipulacao, mode:BACK
2026-06-10 12:02:13, MOVE, v:1, k:ed@especiais, mode:PICK
2026-06-10 12:02:15, MOVE, v:1, k:ed@especiais, mode:BACK
2026-06-10 12:02:16, MOVE, v:1, k:ed@manipulacao, mode:PICK
2026-06-10 12:02:17, EXEC, v:1, k:ed@manipulacao, mode:FULL, rate:85
2026-06-10 12:03:14, EXEC, v:1, k:ed@manipulacao, mode:FULL, rate:85
2026-06-10 12:04:27, MOVE, v:1, k:ed@manipulacao, mode:BACK
2026-06-10 12:03:14, MOVE, v:1, k:ed@manipulacao, mode:EDIT
2026-06-10 12:05:24, MOVE, v:1, k:ed@manipulacao, mode:PICK
2026-06-10 12:05:37, EXEC, v:1, k:ed@manipulacao, mode:FULL, rate:85
2026-06-10 12:05:39, EXEC, v:1, k:ed@manipulacao, mode:FULL, rate:85
2026-06-10 12:05:43, EXEC, v:1, k:ed@manipulacao, mode:FULL, rate:85
2026-06-10 12:05:44, EXEC, v:1, k:ed@manipulacao, mode:FULL, rate:85
2026-06-10 12:05:44, MOVE, v:1, k:ed@manipulacao, mode:EDIT
2026-06-10 12:11:24, EXEC, v:1, k:ed@manipulacao, mode:FULL, rate:85
2026-06-10 12:14:05, EXEC, v:1, k:ed@manipulacao, mode:FULL, rate:85
2026-06-10 12:14:06, EXEC, v:1, k:ed@manipulacao, mode:FULL, rate:85
2026-06-10 12:14:23, EXEC, v:1, k:ed@manipulacao, mode:FULL, rate:85
2026-06-10 12:14:24, EXEC, v:1, k:ed@manipulacao, mode:FULL, rate:85
2026-06-10 12:14:24, MOVE, v:1, k:ed@manipulacao, mode:BACK
2026-06-10 12:14:28, MOVE, v:1, k:ed@especiais, mode:PICK
2026-06-10 12:14:30, EXEC, v:1, k:ed@especiais, mode:FULL, rate:0, size:132
2026-06-10 12:14:32, MOVE, v:1, k:ed@especiais, mode:BACK
2026-06-10 12:14:36, MOVE, v:1, k:ed@manipulacao, mode:PICK
2026-06-10 12:14:24, MOVE, v:1, k:ed@manipulacao, mode:EDIT
2026-06-10 12:14:30, MOVE, v:1, k:ed@especiais, mode:EDIT
2026-06-10 12:15:05, EXEC, v:1, k:ed@manipulacao, mode:FULL, rate:100, size:149
2026-06-10 12:15:06, MOVE, v:1, k:ed@manipulacao, mode:BACK
2026-06-10 12:15:12, SELF, v:1, k:ed@manipulacao, self:1, rate:100, concept:1
2026-06-10 12:18:23, MOVE, v:1, k:ed@especiais, mode:PICK
2026-06-10 12:15:20, MOVE, v:1, k:ed@manipulacao, mode:EDIT
2026-06-10 12:15:20, MOVE, v:1, k:ed@manipulacao, mode:EDIT
2026-06-10 12:15:05, MOVE, v:1, k:ed@manipulacao, mode:EDIT
2026-06-10 13:46:07, MOVE, v:1, k:ed@caminho, mode:DOWN
2026-06-10 13:46:08, MOVE, v:1, k:ed@caminho, mode:PICK
2026-06-10 13:46:11, MOVE, v:1, k:ed@caminho, mode:BACK
2026-06-10 13:47:26, MOVE, v:1, k:ed@rotten, mode:PICK
2026-06-10 13:47:28, EXEC, v:1, k:ed@rotten, mode:FULL, size:50, fail:COMP
2026-06-10 13:47:29, MOVE, v:1, k:ed@rotten, mode:BACK
2026-06-10 13:47:35, MOVE, v:1, k:ed@rotten, mode:PICK
2026-06-10 13:47:36, EXEC, v:1, k:ed@rotten, mode:FULL, rate:0, size:50
2026-06-10 13:47:51, EXEC, v:1, k:ed@rotten, mode:FULL, rate:0, size:50
2026-06-10 13:48:18, EXEC, v:1, k:ed@rotten, mode:FULL, rate:0
2026-06-10 13:48:18, EXEC, v:1, k:ed@rotten, mode:FULL, rate:0
2026-06-10 13:48:19, EXEC, v:1, k:ed@rotten, mode:FULL, rate:0
2026-06-10 13:48:19, EXEC, v:1, k:ed@rotten, mode:FULL, rate:0
2026-06-10 13:46:07, MOVE, v:1, k:ed@caminho, mode:EDIT
2026-06-10 13:46:07, MOVE, v:1, k:ed@caminho, mode:EDIT
2026-06-10 13:46:07, MOVE, v:1, k:ed@caminho, mode:EDIT
2026-06-10 13:46:07, MOVE, v:1, k:ed@caminho, mode:EDIT
2026-06-10 13:46:07, MOVE, v:1, k:ed@caminho, mode:EDIT
2026-06-10 13:47:50, MOVE, v:1, k:ed@rotten, mode:EDIT
2026-06-10 13:47:50, MOVE, v:1, k:ed@rotten, mode:EDIT
2026-06-10 13:48:19, MOVE, v:1, k:ed@rotten, mode:EDIT
2026-06-10 13:48:45, MOVE, v:1, k:ed@rotten, mode:BACK
2026-06-10 13:48:47, MOVE, v:1, k:ed@rotten, mode:PICK
2026-06-10 13:48:48, EXEC, v:1, k:ed@rotten, mode:FULL, rate:0
2026-06-10 13:49:27, EXEC, v:1, k:ed@rotten, mode:FULL, rate:0
2026-06-10 13:49:44, EXEC, v:1, k:ed@rotten, mode:FULL, rate:0, size:50
2026-06-10 13:50:46, EXEC, v:1, k:ed@rotten, mode:FULL, rate:0, size:51
2026-06-10 13:50:47, EXEC, v:1, k:ed@rotten, mode:FULL, rate:0
2026-06-10 13:51:45, EXEC, v:1, k:ed@rotten, mode:FULL, rate:0, size:51
2026-06-10 13:51:45, MOVE, v:1, k:ed@rotten, mode:EDIT
2026-06-10 13:51:43, MOVE, v:1, k:ed@rotten, mode:EDIT
2026-06-10 13:51:43, MOVE, v:1, k:ed@rotten, mode:EDIT
2026-06-10 13:54:08, EXEC, v:1, k:ed@rotten, mode:FULL, rate:0, size:51
2026-06-10 13:54:08, EXEC, v:1, k:ed@rotten, mode:FULL, rate:0, size:51
2026-06-10 13:55:07, EXEC, v:1, k:ed@rotten, mode:FULL, rate:0, size:51
2026-06-10 13:55:11, EXEC, v:1, k:ed@rotten, mode:FULL, rate:0, size:51
2026-06-10 13:56:02, EXEC, v:1, k:ed@rotten, mode:FULL, rate:0, size:51
2026-06-10 13:58:08, EXEC, v:1, k:ed@rotten, mode:FULL, rate:0
2026-06-10 13:58:09, EXEC, v:1, k:ed@rotten, mode:FULL, rate:0
2026-06-10 13:58:10, EXEC, v:1, k:ed@rotten, mode:FULL, rate:0
2026-06-10 13:56:01, MOVE, v:1, k:ed@rotten, mode:EDIT
2026-06-10 13:56:01, MOVE, v:1, k:ed@rotten, mode:EDIT
2026-06-10 13:58:10, MOVE, v:1, k:ed@rotten, mode:EDIT
2026-06-10 14:00:10, MOVE, v:1, k:ed@rotten, mode:BACK
2026-06-10 14:00:17, MOVE, v:1, k:ed@rotten, mode:PICK
2026-06-10 14:00:18, EXEC, v:1, k:ed@rotten, mode:FULL, rate:0
2026-06-10 14:00:18, MOVE, v:1, k:ed@rotten, mode:EDIT
2026-06-10 14:12:51, MOVE, v:1, k:ed@rotten, mode:EDIT
2026-06-10 14:12:51, MOVE, v:1, k:ed@rotten, mode:EDIT
2026-06-10 14:13:34, EXEC, v:1, k:ed@rotten, mode:FULL, rate:0, size:51
2026-06-10 14:13:54, EXEC, v:1, k:ed@rotten, mode:FULL, rate:0, size:51
2026-06-10 14:14:10, EXEC, v:1, k:ed@rotten, mode:FULL, rate:0, size:52
2026-06-10 14:14:17, EXEC, v:1, k:ed@rotten, mode:FULL, rate:0, size:52
2026-06-10 14:16:10, EXEC, v:1, k:ed@rotten, mode:FULL, rate:0
2026-06-10 14:16:11, EXEC, v:1, k:ed@rotten, mode:FULL, rate:0
2026-06-10 14:16:14, EXEC, v:1, k:ed@rotten, mode:FULL, rate:0, size:49
2026-06-10 14:16:15, EXEC, v:1, k:ed@rotten, mode:FULL, rate:0
2026-06-10 14:16:17, EXEC, v:1, k:ed@rotten, mode:FULL, rate:0
2026-06-10 14:16:25, MOVE, v:1, k:ed@rotten, mode:EDIT
2026-06-10 14:16:25, MOVE, v:1, k:ed@rotten, mode:EDIT
2026-06-10 14:16:17, MOVE, v:1, k:ed@rotten, mode:EDIT
2026-06-10 14:31:39, MOVE, v:1, k:ed@rotten, mode:EDIT
2026-06-10 14:31:39, MOVE, v:1, k:ed@rotten, mode:EDIT
2026-06-10 14:33:41, MOVE, v:1, k:ed@rotten, mode:EDIT
2026-06-10 14:33:41, MOVE, v:1, k:ed@rotten, mode:EDIT
2026-06-10 16:14:41, MOVE, v:1, k:ed@rotten, mode:EDIT
2026-06-10 16:14:41, MOVE, v:1, k:ed@rotten, mode:EDIT
2026-06-10 16:18:53, MOVE, v:1, k:ed@rotten, mode:EDIT
2026-06-10 16:18:53, MOVE, v:1, k:ed@rotten, mode:EDIT
2026-06-10 16:27:37, MOVE, v:1, k:ed@rotten, mode:EDIT
2026-06-10 16:27:37, MOVE, v:1, k:ed@rotten, mode:EDIT
2026-06-10 16:28:37, MOVE, v:1, k:ed@caminho, mode:PICK
2026-06-10 16:32:45, MOVE, v:1, k:ed@caminho, mode:BACK
2026-06-10 16:32:46, MOVE, v:1, k:ed@rotten, mode:PICK
2026-06-10 16:32:46, EXEC, v:1, k:ed@rotten, mode:FULL, rate:0, size:82
2026-06-10 16:32:31, MOVE, v:1, k:ed@rotten, mode:EDIT
2026-06-10 16:32:31, MOVE, v:1, k:ed@rotten, mode:EDIT
2026-06-10 16:32:46, MOVE, v:1, k:ed@rotten, mode:EDIT
2026-06-10 16:35:31, EXEC, v:1, k:ed@rotten, mode:FULL, rate:0, size:83
2026-06-10 16:35:40, EXEC, v:1, k:ed@rotten, mode:FULL, rate:0, size:83
2026-06-10 16:35:42, EXEC, v:1, k:ed@rotten, mode:FULL, rate:0
2026-06-10 16:36:17, EXEC, v:1, k:ed@rotten, mode:FULL, rate:0, size:83
2026-06-10 16:37:53, EXEC, v:1, k:ed@rotten, mode:FULL, rate:0, size:83
2026-06-10 16:37:59, EXEC, v:1, k:ed@rotten, mode:FULL, rate:0, size:83
2026-06-10 16:37:54, MOVE, v:1, k:ed@rotten, mode:EDIT
2026-06-10 16:37:54, MOVE, v:1, k:ed@rotten, mode:EDIT
2026-06-10 16:37:55, MOVE, v:1, k:ed@rotten, mode:EDIT
2026-06-10 16:39:17, EXEC, v:1, k:ed@rotten, mode:FULL, rate:0, size:84
2026-06-10 16:41:56, EXEC, v:1, k:ed@rotten, mode:FULL, rate:0, size:84
2026-06-10 16:42:43, MOVE, v:1, k:ed@rotten, mode:EDIT
2026-06-10 16:42:43, MOVE, v:1, k:ed@rotten, mode:EDIT
2026-06-10 16:41:56, MOVE, v:1, k:ed@rotten, mode:EDIT
2026-06-10 16:43:32, EXEC, v:1, k:ed@rotten, mode:FULL, rate:0, size:87
2026-06-10 16:43:48, EXEC, v:1, k:ed@rotten, mode:FULL, rate:0, size:88
2026-06-10 16:44:01, MOVE, v:1, k:ed@rotten, mode:BACK
2026-06-10 16:44:03, MOVE, v:1, k:ed@rotten, mode:PICK
2026-06-10 16:46:07, MOVE, v:1, k:ed@rotten, mode:EDIT
2026-06-10 16:46:07, MOVE, v:1, k:ed@rotten, mode:EDIT
2026-06-10 16:43:48, MOVE, v:1, k:ed@rotten, mode:EDIT
2026-06-10 16:52:30, EXEC, v:1, k:ed@rotten, mode:FULL, rate:0, size:90
2026-06-10 16:52:59, EXEC, v:1, k:ed@rotten, mode:FULL, rate:0, size:86
2026-06-10 16:52:54, MOVE, v:1, k:ed@rotten, mode:EDIT
2026-06-10 16:52:54, MOVE, v:1, k:ed@rotten, mode:EDIT
2026-06-10 16:52:55, MOVE, v:1, k:ed@rotten, mode:EDIT
2026-06-10 16:53:30, EXEC, v:1, k:ed@rotten, mode:FULL, rate:0, size:86
2026-06-10 16:56:17, EXEC, v:1, k:ed@rotten, mode:FULL, rate:66, size:86
2026-06-10 16:56:28, EXEC, v:1, k:ed@rotten, mode:FULL, rate:0, size:86
2026-06-10 16:56:27, MOVE, v:1, k:ed@rotten, mode:EDIT
2026-06-10 16:56:27, MOVE, v:1, k:ed@rotten, mode:EDIT
2026-06-10 16:56:28, MOVE, v:1, k:ed@rotten, mode:EDIT
2026-06-10 17:02:48, MOVE, v:1, k:ed@rotten, mode:EDIT
2026-06-10 17:02:48, MOVE, v:1, k:ed@rotten, mode:EDIT
2026-06-10 17:05:08, EXEC, v:1, k:ed@rotten, mode:FULL, rate:33, size:96
2026-06-10 17:05:16, EXEC, v:1, k:ed@rotten, mode:FULL, rate:100, size:96
2026-06-10 21:31:56, MOVE, v:1, k:ed@rotten, mode:PICK
2026-06-10 21:31:57, EXEC, v:1, k:ed@rotten, mode:FULL, rate:66, size:96
2026-06-10 21:32:08, EXEC, v:1, k:ed@rotten, mode:FULL, rate:100, size:96
2026-06-10 21:32:08, MOVE, v:1, k:ed@rotten, mode:EDIT
2026-06-10 21:33:37, MOVE, v:1, k:ed@rotten, mode:EDIT
2026-06-10 21:33:37, MOVE, v:1, k:ed@rotten, mode:EDIT
2026-06-10 21:40:36, MOVE, v:1, k:ed@rotten, mode:EDIT
2026-06-10 21:40:36, MOVE, v:1, k:ed@rotten, mode:EDIT
2026-06-10 21:42:37, MOVE, v:1, k:ed@rotten, mode:BACK
2026-06-10 21:42:45, SELF, v:1, k:ed@rotten, self:1, rate:100, concept:1
2026-06-10 21:42:26, MOVE, v:1, k:ed@rotten, mode:EDIT
2026-06-10 21:42:26, MOVE, v:1, k:ed@rotten, mode:EDIT
2026-06-10 21:51:05, MOVE, v:1, k:ed@rotten, mode:EDIT
2026-06-10 21:51:05, MOVE, v:1, k:ed@rotten, mode:EDIT
2026-06-10 21:54:12, MOVE, v:1, k:eval1@triangulo, mode:EDIT
2026-06-10 21:54:12, MOVE, v:1, k:eval1@triangulo, mode:EDIT
2026-06-10 22:19:30, MOVE, v:1, k:ed@detonate, mode:DOWN
2026-06-10 22:19:33, MOVE, v:1, k:ed@detonate, mode:PICK
2026-06-10 22:21:07, MOVE, v:1, k:ed@detonate, mode:BACK
2026-06-10 22:21:09, MOVE, v:1, k:ed@caminho, mode:PICK
2026-06-10 22:21:10, MOVE, v:1, k:ed@caminho, mode:BACK
2026-06-10 22:21:16, MOVE, v:1, k:ed@detonate, mode:PICK
2026-06-10 22:19:30, MOVE, v:1, k:ed@detonate, mode:EDIT
2026-06-10 22:19:30, MOVE, v:1, k:ed@detonate, mode:EDIT
2026-06-10 22:19:30, MOVE, v:1, k:ed@detonate, mode:EDIT
2026-06-10 22:25:25, MOVE, v:1, k:ed@detonate, mode:BACK
2026-06-10 22:26:04, MOVE, v:1, k:ed@formatada, mode:DOWN
2026-06-10 22:26:06, MOVE, v:1, k:ed@formatada, mode:PICK
2026-06-10 22:26:04, MOVE, v:1, k:ed@formatada, mode:EDIT
2026-06-10 22:26:04, MOVE, v:1, k:ed@formatada, mode:EDIT
2026-06-10 22:26:04, MOVE, v:1, k:ed@formatada, mode:EDIT
2026-06-10 22:31:50, MOVE, v:1, k:ed@formatada, mode:EDIT
2026-06-10 22:31:50, MOVE, v:1, k:ed@formatada, mode:EDIT
