2026-04-25 16:40:10, MOVE, v:1, k:ed@triangulo, mode:PICK
2026-04-25 16:40:40, MOVE, v:1, k:ed@triangulo, mode:BACK
2026-04-25 16:49:45, MOVE, v:1, k:ed@triangulo, mode:PICK
2026-04-25 17:13:25, MOVE, v:1, k:ed@triangulo, mode:EDIT
2026-04-25 17:16:24, MOVE, v:1, k:ed@triangulo, mode:EDIT
2026-04-25 17:22:57, MOVE, v:1, k:ed@triangulo, mode:EDIT
2026-04-25 17:24:50, EXEC, v:1, k:ed@triangulo, mode:FULL, rate:0, size:57
2026-04-25 17:24:51, EXEC, v:1, k:ed@triangulo, mode:FULL, rate:0
2026-04-25 17:24:51, EXEC, v:1, k:ed@triangulo, mode:FULL, rate:0
2026-04-25 17:24:51, EXEC, v:1, k:ed@triangulo, mode:FULL, rate:0
2026-04-25 17:24:51, EXEC, v:1, k:ed@triangulo, mode:FULL, rate:0
2026-04-25 17:24:52, EXEC, v:1, k:ed@triangulo, mode:FULL, rate:0
2026-04-25 17:27:12, MOVE, v:1, k:ed@triangulo, mode:EDIT
2026-04-25 17:24:52, MOVE, v:1, k:ed@triangulo, mode:EDIT
2026-04-25 17:32:46, MOVE, v:1, k:ed@triangulo, mode:EDIT
2026-04-25 17:37:36, EXEC, v:1, k:ed@triangulo, mode:FULL, rate:0, size:55
2026-04-25 17:37:34, MOVE, v:1, k:ed@triangulo, mode:EDIT
2026-04-25 17:37:35, MOVE, v:1, k:ed@triangulo, mode:EDIT
2026-04-25 17:39:19, EXEC, v:1, k:ed@triangulo, mode:FULL, rate:0, size:55
2026-04-25 17:39:20, EXEC, v:1, k:ed@triangulo, mode:FULL, rate:0, size:55
2026-04-25 17:39:42, EXEC, v:1, k:ed@triangulo, mode:FULL, size:55, fail:COMP
2026-04-25 17:39:43, EXEC, v:1, k:ed@triangulo, mode:FULL, fail:COMP
2026-04-25 17:39:51, EXEC, v:1, k:ed@triangulo, mode:FULL, size:55, fail:COMP
2026-04-25 17:39:53, EXEC, v:1, k:ed@triangulo, mode:FULL, rate:0, size:55
2026-04-25 17:40:37, EXEC, v:1, k:ed@triangulo, mode:FULL, rate:100, size:55
2026-04-25 17:40:42, MOVE, v:1, k:ed@triangulo, mode:BACK
2026-04-25 17:41:00, SELF, v:1, k:ed@triangulo, self:1, rate:100, study:45, concept:1
2026-04-25 17:41:11, SELF, v:1, k:ed@triangulo, self:1, rate:100, study:45, concept:1
2026-04-25 17:41:13, MOVE, v:1, k:ed@treinando, mode:PICK
2026-04-25 17:40:36, MOVE, v:1, k:ed@triangulo, mode:EDIT
2026-04-25 17:40:37, MOVE, v:1, k:ed@triangulo, mode:EDIT
2026-04-25 19:15:17, MOVE, v:1, k:ed@treinando, mode:BACK
2026-04-25 19:15:23, MOVE, v:1, k:ed@treinando, mode:PICK
2026-04-25 19:23:26, MOVE, v:1, k:ed@treinando, mode:EDIT
2026-04-25 19:23:52, MOVE, v:1, k:ed@treinando, mode:EDIT
2026-04-25 19:31:03, EXEC, v:1, k:ed@treinando, mode:FULL, rate:16, size:87
2026-04-25 19:30:59, MOVE, v:1, k:ed@treinando, mode:EDIT
2026-04-25 19:31:03, MOVE, v:1, k:ed@treinando, mode:EDIT
2026-04-25 20:24:13, EXEC, v:1, k:ed@treinando, mode:FULL, rate:33, size:90
2026-04-25 20:26:46, MOVE, v:1, k:ed@treinando, mode:EDIT
2026-04-25 20:24:13, MOVE, v:1, k:ed@treinando, mode:EDIT
2026-04-25 20:31:15, MOVE, v:1, k:ed@treinando, mode:BACK
