2026-04-05 20:00:13, MOVE, v:1, k:ed@eh_primo, mode:DOWN
2026-04-05 20:00:15, MOVE, v:1, k:ed@eh_primo, mode:PICK
2026-04-05 20:08:04, EXEC, v:1, k:ed@eh_primo, mode:FULL, rate:0, size:17
2026-04-05 20:09:57, MOVE, v:1, k:ed@eh_primo, mode:BACK
2026-04-05 20:13:11, MOVE, v:1, k:ed@eh_primo, mode:PICK
2026-04-05 20:13:12, EXEC, v:1, k:ed@eh_primo, mode:FULL, size:19, fail:COMP
2026-04-05 20:13:26, EXEC, v:1, k:ed@eh_primo, mode:FULL, rate:0, size:19
2026-04-05 20:19:21, EXEC, v:1, k:ed@eh_primo, mode:FULL, rate:0, size:21
2026-04-05 20:19:27, EXEC, v:1, k:ed@eh_primo, mode:FULL, rate:0
2026-04-05 20:19:27, EXEC, v:1, k:ed@eh_primo, mode:FREE
2026-04-05 20:19:39, MOVE, v:1, k:ed@eh_primo, mode:PICK
2026-04-05 20:19:41, EXEC, v:1, k:ed@eh_primo, mode:FULL, rate:0, size:22
2026-04-05 20:21:38, MOVE, v:1, k:ed@eh_primo, mode:BACK
2026-04-05 20:21:43, MOVE, v:1, k:ed@eh_primo, mode:PICK
2026-04-05 20:23:39, EXEC, v:1, k:ed@eh_primo, mode:FULL, rate:0, size:17
2026-04-05 20:25:34, EXEC, v:1, k:ed@eh_primo, mode:FULL, rate:0, size:17
2026-04-05 20:25:55, EXEC, v:1, k:ed@eh_primo, mode:FULL, rate:88, size:17
2026-04-05 20:26:24, EXEC, v:1, k:ed@eh_primo, mode:FULL, rate:33, size:17
2026-04-05 20:27:29, EXEC, v:1, k:ed@eh_primo, mode:FULL, rate:0, size:17
2026-04-05 20:27:47, EXEC, v:1, k:ed@eh_primo, mode:FULL, rate:0, size:17
2026-04-05 20:27:54, EXEC, v:1, k:ed@eh_primo, mode:FULL, rate:88, size:17
2026-04-05 20:28:03, EXEC, v:1, k:ed@eh_primo, mode:FULL, rate:88
2026-04-05 20:28:05, EXEC, v:1, k:ed@eh_primo, mode:FREE
2026-04-05 20:28:13, MOVE, v:1, k:ed@eh_primo, mode:PICK
2026-04-05 20:28:36, EXEC, v:1, k:ed@eh_primo, mode:FULL, rate:55, size:17
2026-04-05 20:29:06, EXEC, v:1, k:ed@eh_primo, mode:FULL, rate:100, size:17
2026-04-05 20:30:34, MOVE, v:1, k:ed@eh_primo, mode:BACK
2026-04-05 20:34:30, MOVE, v:1, k:ed@eh_primo, mode:PICK
2026-04-05 20:34:32, EXEC, v:1, k:ed@eh_primo, mode:FULL, rate:44, size:17
2026-04-05 20:34:54, EXEC, v:1, k:ed@eh_primo, mode:FULL, rate:11, size:17
2026-04-05 20:35:13, EXEC, v:1, k:ed@eh_primo, mode:FULL, rate:11, size:17
2026-04-05 20:35:49, EXEC, v:1, k:ed@eh_primo, mode:FULL, rate:44, size:17
2026-04-05 20:36:44, EXEC, v:1, k:ed@eh_primo, mode:FULL, rate:44, size:17
2026-04-05 20:36:57, EXEC, v:1, k:ed@eh_primo, mode:FULL, rate:11, size:17
2026-04-05 20:37:45, EXEC, v:1, k:ed@eh_primo, mode:FULL, rate:44, size:17
2026-04-05 20:41:08, EXEC, v:1, k:ed@eh_primo, mode:FULL, rate:11, size:17
2026-04-05 20:41:22, EXEC, v:1, k:ed@eh_primo, mode:FULL, rate:11, size:17
2026-04-05 20:42:14, EXEC, v:1, k:ed@eh_primo, mode:FULL, rate:44, size:17
2026-04-05 20:43:27, EXEC, v:1, k:ed@eh_primo, mode:FULL, rate:44, size:17
2026-04-05 20:44:13, EXEC, v:1, k:ed@eh_primo, mode:FULL, rate:0, size:17
2026-04-05 20:46:01, EXEC, v:1, k:ed@eh_primo, mode:FULL, rate:44, size:20
2026-04-05 20:46:16, EXEC, v:1, k:ed@eh_primo, mode:FULL, rate:0, size:20
2026-04-05 20:48:37, EXEC, v:1, k:ed@eh_primo, mode:FULL, rate:0, size:21
2026-04-05 20:49:56, EXEC, v:1, k:ed@eh_primo, mode:FULL, rate:100, size:21
2026-04-05 20:50:12, MOVE, v:1, k:ed@eh_primo, mode:BACK
2026-04-05 20:50:39, SELF, v:1, k:ed@eh_primo, self:1, rate:100, study:30, concept:1
2026-04-05 20:50:49, MOVE, v:1, k:ed@enesimo, mode:DOWN
2026-04-05 20:50:52, MOVE, v:1, k:ed@enesimo, mode:PICK
2026-04-05 20:57:19, MOVE, v:1, k:ed@enesimo, mode:BACK
