2026-07-13 15:49:14, MOVE, v:1, k:ed@serial, mode:PICK
2026-07-13 16:12:41, MOVE, v:1, k:ed@serial, mode:BACK
2026-07-13 16:12:47, MOVE, v:1, k:ed@bst_serial, mode:PICK
2026-07-13 16:13:22, MOVE, v:1, k:ed@bst_serial, mode:BACK
2026-07-13 16:13:24, MOVE, v:1, k:ed@bst_serial, mode:PICK
2026-07-13 16:13:28, MOVE, v:1, k:ed@bst_serial, mode:BACK
2026-07-13 16:13:29, MOVE, v:1, k:ed@bst_serial, mode:PICK
2026-07-13 16:14:25, MOVE, v:1, k:ed@bst_serial, mode:BACK
2026-07-13 16:14:27, MOVE, v:1, k:ed@bst_insert, mode:PICK
2026-07-13 16:14:32, EXEC, v:1, k:ed@bst_insert, mode:FULL, rate:100
2026-07-13 16:16:26, MOVE, v:1, k:ed@bst_insert, mode:BACK
2026-07-13 16:18:05, MOVE, v:1, k:ed@bst_serial, mode:PICK
2026-07-13 16:18:14, EXEC, v:1, k:ed@bst_serial, mode:FULL, rate:0, size:102
2026-07-13 16:18:14, EXEC, v:1, k:ed@bst_serial, mode:FULL, rate:0, size:102
2026-07-13 16:14:31, MOVE, v:1, k:ed@bst_insert, mode:EDIT
2026-07-13 16:16:56, MOVE, v:1, k:ed@bst_serial, mode:EDIT
2026-07-13 16:16:56, MOVE, v:1, k:ed@bst_serial, mode:EDIT
2026-07-13 16:18:14, MOVE, v:1, k:ed@bst_serial, mode:EDIT
2026-07-13 16:31:18, EXEC, v:1, k:ed@bst_serial, mode:FULL, rate:0, size:104
2026-07-13 16:31:16, MOVE, v:1, k:ed@bst_serial, mode:EDIT
2026-07-13 16:31:16, MOVE, v:1, k:ed@bst_serial, mode:EDIT
2026-07-13 16:31:18, MOVE, v:1, k:ed@bst_serial, mode:EDIT
2026-07-13 16:35:56, EXEC, v:1, k:ed@bst_serial, mode:FULL, size:105, fail:COMP
2026-07-13 16:38:08, EXEC, v:1, k:ed@bst_serial, mode:FULL, rate:100, size:105
2026-07-13 16:38:31, EXEC, v:1, k:ed@bst_serial, mode:FULL, rate:100, size:104
2026-07-13 16:38:31, MOVE, v:1, k:ed@bst_serial, mode:BACK
2026-07-13 16:38:35, SELF, v:1, k:ed@bst_serial, self:1, rate:100
2026-07-13 16:38:28, MOVE, v:1, k:ed@bst_serial, mode:EDIT
2026-07-13 16:38:28, MOVE, v:1, k:ed@bst_serial, mode:EDIT
2026-07-13 16:38:31, MOVE, v:1, k:ed@bst_serial, mode:EDIT
2026-07-13 16:40:32, MOVE, v:1, k:ed@bst_remove, mode:DOWN
2026-07-13 16:40:32, MOVE, v:1, k:ed@bst_remove, mode:PICK
2026-07-13 16:42:18, MOVE, v:1, k:ed@bst_remove, mode:BACK
2026-07-13 16:44:32, MOVE, v:1, k:ed@bst_remove, mode:PICK
2026-07-13 16:40:32, MOVE, v:1, k:ed@bst_remove, mode:EDIT
2026-07-13 16:49:57, MOVE, v:1, k:ed@bst_remove, mode:EDIT
2026-07-13 16:49:57, MOVE, v:1, k:ed@bst_remove, mode:EDIT
2026-07-13 16:51:22, EXEC, v:1, k:ed@bst_remove, mode:FULL, rate:12, size:101
2026-07-13 16:53:06, EXEC, v:1, k:ed@bst_remove, mode:FULL, rate:12
2026-07-13 16:53:09, EXEC, v:1, k:ed@bst_remove, mode:FULL, rate:12
2026-07-13 16:54:06, EXEC, v:1, k:ed@bst_remove, mode:FULL, rate:12, size:101
2026-07-13 16:54:05, MOVE, v:1, k:ed@bst_remove, mode:EDIT
2026-07-13 16:54:05, MOVE, v:1, k:ed@bst_remove, mode:EDIT
2026-07-13 16:54:06, MOVE, v:1, k:ed@bst_remove, mode:EDIT
2026-07-13 16:56:24, MOVE, v:1, k:ed@bst_remove, mode:EDIT
2026-07-13 16:56:24, MOVE, v:1, k:ed@bst_remove, mode:EDIT
2026-07-13 17:41:22, MOVE, v:1, k:ed@bst_remove, mode:EDIT
2026-07-13 17:41:22, MOVE, v:1, k:ed@bst_remove, mode:EDIT
2026-07-13 17:54:01, MOVE, v:1, k:ed@bst_remove, mode:EDIT
2026-07-13 17:54:01, MOVE, v:1, k:ed@bst_remove, mode:EDIT
2026-07-13 17:59:13, EXEC, v:1, k:ed@bst_remove, mode:FULL, rate:0, size:129
2026-07-13 17:59:19, EXEC, v:1, k:ed@bst_remove, mode:FULL, rate:0
2026-07-13 17:59:18, MOVE, v:1, k:ed@bst_remove, mode:EDIT
2026-07-13 17:59:18, MOVE, v:1, k:ed@bst_remove, mode:EDIT
2026-07-13 17:59:19, MOVE, v:1, k:ed@bst_remove, mode:EDIT
2026-07-13 18:03:59, EXEC, v:1, k:ed@bst_remove, mode:FULL, rate:0
2026-07-13 18:04:00, EXEC, v:1, k:ed@bst_remove, mode:FULL, rate:0
2026-07-13 18:04:00, EXEC, v:1, k:ed@bst_remove, mode:FULL, rate:0
2026-07-13 18:03:58, MOVE, v:1, k:ed@bst_remove, mode:EDIT
2026-07-13 18:03:58, MOVE, v:1, k:ed@bst_remove, mode:EDIT
2026-07-13 18:04:00, MOVE, v:1, k:ed@bst_remove, mode:EDIT
2026-07-13 18:06:43, EXEC, v:1, k:ed@bst_remove, mode:FULL, rate:0, size:130
2026-07-13 18:06:48, EXEC, v:1, k:ed@bst_remove, mode:FULL, rate:0
2026-07-13 18:06:42, MOVE, v:1, k:ed@bst_remove, mode:EDIT
2026-07-13 18:06:42, MOVE, v:1, k:ed@bst_remove, mode:EDIT
2026-07-13 18:06:48, MOVE, v:1, k:ed@bst_remove, mode:EDIT
2026-07-13 18:13:07, EXEC, v:1, k:ed@bst_remove, mode:FULL, rate:0, size:144
2026-07-13 18:13:08, EXEC, v:1, k:ed@bst_remove, mode:FULL, rate:0
2026-07-13 18:13:09, EXEC, v:1, k:ed@bst_remove, mode:FULL, rate:0
2026-07-13 18:13:03, MOVE, v:1, k:ed@bst_remove, mode:EDIT
2026-07-13 18:13:03, MOVE, v:1, k:ed@bst_remove, mode:EDIT
2026-07-13 18:13:09, MOVE, v:1, k:ed@bst_remove, mode:EDIT
2026-07-13 18:16:35, EXEC, v:1, k:ed@bst_remove, mode:FULL, rate:12, size:99
2026-07-13 18:17:15, MOVE, v:1, k:ed@bst_remove, mode:BACK
