2026-05-12 09:40:34, MOVE, v:1, k:ed@setbuild, mode:EDIT
2026-05-12 09:40:34, MOVE, v:1, k:ed@setbuild, mode:EDIT
2026-05-12 10:06:00, MOVE, v:1, k:ed@setbuild, mode:EDIT
2026-05-12 10:06:00, MOVE, v:1, k:ed@setbuild, mode:EDIT
2026-05-12 10:08:31, MOVE, v:1, k:ed@setbuild, mode:EDIT
2026-05-12 10:08:31, MOVE, v:1, k:ed@setbuild, mode:EDIT
2026-05-12 10:21:30, MOVE, v:1, k:ed@setbuild, mode:EDIT
2026-05-12 10:21:30, MOVE, v:1, k:ed@setbuild, mode:EDIT
2026-05-12 10:31:09, MOVE, v:1, k:ed@setbuild, mode:PICK
2026-05-12 10:43:21, MOVE, v:1, k:ed@setbuild, mode:BACK
2026-05-12 10:46:17, MOVE, v:1, k:ed@setbuild, mode:EDIT
2026-05-12 10:46:17, MOVE, v:1, k:ed@setbuild, mode:EDIT
2026-05-12 10:48:53, MOVE, v:1, k:ed@setbuild, mode:PICK
2026-05-12 10:48:53, EXEC, v:1, k:ed@setbuild, mode:FULL, size:108, fail:COMP
2026-05-12 10:48:54, EXEC, v:1, k:ed@setbuild, mode:FULL, fail:COMP
2026-05-12 10:51:18, MOVE, v:1, k:ed@setbuild, mode:EDIT
2026-05-12 10:51:18, MOVE, v:1, k:ed@setbuild, mode:EDIT
2026-05-12 12:04:35, MOVE, v:1, k:ed@setbuild, mode:EDIT
2026-05-12 12:04:35, MOVE, v:1, k:ed@setbuild, mode:EDIT
2026-05-12 16:24:37, MOVE, v:1, k:ed@setbuild, mode:PICK
2026-05-12 16:42:36, MOVE, v:1, k:ed@vetbuild, mode:PICK
2026-05-12 16:42:37, EXEC, v:1, k:ed@vetbuild, mode:FULL, rate:100, size:279
2026-05-12 16:42:37, MOVE, v:1, k:ed@vetbuild, mode:EDIT
2026-05-12 16:42:37, MOVE, v:1, k:ed@vetbuild, mode:EDIT
2026-05-12 16:50:01, MOVE, v:1, k:ed@vetbuild, mode:BACK
2026-05-12 16:52:36, MOVE, v:1, k:ed@baruel, mode:PICK
2026-05-12 16:52:37, EXEC, v:1, k:ed@baruel, mode:FULL, rate:0, size:55
2026-05-12 16:52:39, MOVE, v:1, k:ed@baruel, mode:BACK
2026-05-12 16:52:37, MOVE, v:1, k:ed@baruel, mode:EDIT
2026-05-12 16:52:37, MOVE, v:1, k:ed@baruel, mode:EDIT
2026-05-12 16:55:54, MOVE, v:1, k:ed@baruel, mode:EDIT
2026-05-12 16:55:54, MOVE, v:1, k:ed@baruel, mode:EDIT
2026-05-12 16:55:54, MOVE, v:1, k:ed@baruel, mode:EDIT
2026-05-12 16:55:54, MOVE, v:1, k:ed@baruel, mode:EDIT
2026-05-12 19:22:22, MOVE, v:1, k:ed@setbuild, mode:EDIT
2026-05-12 19:22:22, MOVE, v:1, k:ed@setbuild, mode:EDIT
2026-05-12 20:08:17, MOVE, v:1, k:ed@setbuild, mode:EDIT
2026-05-12 20:08:17, MOVE, v:1, k:ed@setbuild, mode:EDIT
