2026-03-23 10:28:50, MOVE, v:1, k:ed@pedra, mode:PICK
2026-03-23 10:28:53, EXEC, v:1, k:ed@pedra, mode:FULL, rate:100, size:43
2026-03-23 10:29:15, MOVE, v:1, k:ed@pedra, mode:BACK
2026-03-23 10:29:21, MOVE, v:1, k:ed@casais, mode:PICK
2026-03-23 10:30:07, MOVE, v:1, k:ed@casais, mode:BACK
2026-03-23 10:30:16, MOVE, v:1, k:ed@casais, mode:PICK
2026-03-23 10:30:19, MOVE, v:1, k:ed@casais, mode:BACK
2026-03-23 10:44:56, MOVE, v:1, k:ed@casais, mode:PICK
2026-03-23 10:55:30, MOVE, v:1, k:ed@casais, mode:BACK
2026-03-23 11:03:25, MOVE, v:1, k:ed@casais, mode:PICK
2026-03-23 11:06:07, EXEC, v:1, k:ed@casais, mode:FULL, rate:0, size:21
2026-03-23 11:07:01, EXEC, v:1, k:ed@casais, mode:FULL, rate:0, size:22
2026-03-23 11:07:31, EXEC, v:1, k:ed@casais, mode:FULL, rate:0, size:23
2026-03-23 11:07:45, EXEC, v:1, k:ed@casais, mode:FULL, rate:100, size:22
2026-03-23 11:07:46, MOVE, v:1, k:ed@casais, mode:BACK
2026-03-23 11:07:48, MOVE, v:1, k:ed@casais, mode:PICK
2026-03-23 11:07:49, EXEC, v:1, k:ed@casais, mode:FULL, rate:100
2026-03-23 11:07:50, MOVE, v:1, k:ed@casais, mode:BACK
2026-03-23 11:08:00, SELF, v:1, k:ed@casais, self:1, rate:100, study:10
2026-03-23 11:11:51, MOVE, v:1, k:ed@baruel, mode:PICK
2026-03-23 11:16:48, EXEC, v:1, k:ed@baruel, mode:FULL, rate:0, size:26
2026-03-23 11:16:59, EXEC, v:1, k:ed@baruel, mode:FULL, rate:0, size:26
2026-03-23 11:22:47, EXEC, v:1, k:ed@baruel, mode:FULL, rate:0, size:29
2026-03-23 11:25:20, EXEC, v:1, k:ed@baruel, mode:FULL, rate:0, size:30
2026-03-23 11:25:36, EXEC, v:1, k:ed@baruel, mode:FULL, rate:0
2026-03-23 11:25:56, EXEC, v:1, k:ed@baruel, mode:FULL, rate:0, size:31
2026-03-23 11:28:23, EXEC, v:1, k:ed@baruel, mode:FULL, rate:0, size:33
2026-03-23 11:28:45, EXEC, v:1, k:ed@baruel, mode:FULL, rate:0, size:33
2026-03-23 11:29:00, EXEC, v:1, k:ed@baruel, mode:FULL, rate:0, size:33
2026-03-23 11:29:47, EXEC, v:1, k:ed@baruel, mode:FULL, rate:0, size:38
2026-03-23 11:31:59, EXEC, v:1, k:ed@baruel, mode:FULL, rate:0, size:42
2026-03-23 11:32:11, EXEC, v:1, k:ed@baruel, mode:FULL, rate:0, size:42
2026-03-23 11:33:58, EXEC, v:1, k:ed@baruel, mode:FULL, rate:0, size:44
2026-03-23 11:34:15, EXEC, v:1, k:ed@baruel, mode:FULL, rate:0, size:44
2026-03-23 11:35:17, EXEC, v:1, k:ed@baruel, mode:FULL, rate:0, size:44
2026-03-23 11:35:41, EXEC, v:1, k:ed@baruel, mode:FULL, rate:0, size:44
2026-03-23 12:00:56, MOVE, v:1, k:ed@baruel, mode:BACK
2026-03-23 12:13:51, MOVE, v:1, k:ed@baruel, mode:PICK
2026-03-23 12:13:52, EXEC, v:1, k:ed@baruel, mode:FULL, rate:0, size:44
2026-03-23 12:14:41, EXEC, v:1, k:ed@baruel, mode:FULL, rate:0, size:44
2026-03-23 12:14:59, EXEC, v:1, k:ed@baruel, mode:FULL, rate:0, size:44
2026-03-23 12:15:18, EXEC, v:1, k:ed@baruel, mode:FULL, rate:0, size:44
2026-03-23 12:15:43, EXEC, v:1, k:ed@baruel, mode:FULL, rate:0, size:44
2026-03-23 12:17:28, EXEC, v:1, k:ed@baruel, mode:FULL, rate:0, size:44
2026-03-23 13:28:40, MOVE, v:1, k:ed@baruel, mode:PICK
2026-03-23 13:28:42, EXEC, v:1, k:ed@baruel, mode:FULL, rate:0, size:50
2026-03-23 13:30:21, MOVE, v:1, k:ed@baruel, mode:PICK
2026-03-23 13:30:22, EXEC, v:1, k:ed@baruel, mode:FULL, rate:0, size:54
2026-03-23 13:31:09, EXEC, v:1, k:ed@baruel, mode:FULL, rate:0, size:55
2026-03-23 13:31:25, EXEC, v:1, k:ed@baruel, mode:FULL, rate:0, size:55
2026-03-23 13:31:46, EXEC, v:1, k:ed@baruel, mode:FULL, rate:0, size:55
2026-03-23 13:32:19, EXEC, v:1, k:ed@baruel, mode:FULL, rate:0, size:56
2026-03-23 13:33:02, MOVE, v:1, k:ed@baruel, mode:BACK
2026-03-23 14:02:21, MOVE, v:1, k:ed@princesa, mode:PICK
2026-03-23 14:02:24, EXEC, v:1, k:ed@princesa, mode:FULL, rate:100
2026-03-23 16:28:47, MOVE, v:1, k:ed@apagando, mode:PICK
2026-03-23 16:29:07, MOVE, v:1, k:ed@apagando, mode:BACK
2026-03-23 16:31:42, MOVE, v:1, k:ed@apagando, mode:PICK
2026-03-23 16:31:45, EXEC, v:1, k:ed@apagando, mode:FULL, rate:16
2026-03-23 16:38:45, EXEC, v:1, k:ed@apagando, mode:FULL, size:35, fail:COMP
2026-03-23 16:38:55, EXEC, v:1, k:ed@apagando, mode:FULL, rate:0, size:34
2026-03-23 16:39:59, EXEC, v:1, k:ed@apagando, mode:FULL, rate:0, size:34
2026-03-23 16:40:07, EXEC, v:1, k:ed@apagando, mode:FULL, size:34, fail:COMP
2026-03-23 16:40:15, EXEC, v:1, k:ed@apagando, mode:FULL, rate:33, size:34
2026-03-23 16:40:27, MOVE, v:1, k:ed@apagando, mode:BACK
2026-03-23 16:41:14, MOVE, v:1, k:ed@apagando, mode:PICK
2026-03-23 16:41:18, EXEC, v:1, k:ed@apagando, mode:FULL, rate:58
2026-03-23 16:41:22, EXEC, v:1, k:ed@apagando, mode:FREE
2026-03-23 16:43:14, EXEC, v:1, k:ed@apagando, mode:FULL, rate:0, size:37
2026-03-23 16:43:23, EXEC, v:1, k:ed@apagando, mode:FULL, rate:0, size:37
2026-03-23 16:48:02, EXEC, v:1, k:ed@apagando, mode:FULL, rate:0, size:37
2026-03-23 16:49:11, EXEC, v:1, k:ed@apagando, mode:FULL, rate:0, size:37
2026-03-23 16:51:02, EXEC, v:1, k:ed@apagando, mode:FULL, rate:0, size:34
2026-03-23 16:52:22, EXEC, v:1, k:ed@apagando, mode:FULL, rate:100, size:34
2026-03-23 16:52:25, MOVE, v:1, k:ed@apagando, mode:BACK
2026-03-23 16:52:43, SELF, v:1, k:ed@apagando, self:1, rate:100, study:60
